Component: ARM Compiler 5.06 update 7 (build 960) Tool: armlink [4d3601]

==============================================================================

Section Cross References

    startup_stm32f103xe.o(STACK) refers (Special) to heapauxi.o(.text) for __use_two_region_memory
    startup_stm32f103xe.o(HEAP) refers (Special) to heapauxi.o(.text) for __use_two_region_memory
    startup_stm32f103xe.o(RESET) refers (Special) to heapauxi.o(.text) for __use_two_region_memory
    startup_stm32f103xe.o(RESET) refers to startup_stm32f103xe.o(STACK) for __initial_sp
    startup_stm32f103xe.o(RESET) refers to startup_stm32f103xe.o(.text) for Reset_Handler
    startup_stm32f103xe.o(RESET) refers to stm32f1xx_it.o(i.NMI_Handler) for NMI_Handler
    startup_stm32f103xe.o(RESET) refers to stm32f1xx_it.o(i.HardFault_Handler) for HardFault_Handler
    startup_stm32f103xe.o(RESET) refers to stm32f1xx_it.o(i.MemManage_Handler) for MemManage_Handler
    startup_stm32f103xe.o(RESET) refers to stm32f1xx_it.o(i.BusFault_Handler) for BusFault_Handler
    startup_stm32f103xe.o(RESET) refers to stm32f1xx_it.o(i.UsageFault_Handler) for UsageFault_Handler
    startup_stm32f103xe.o(RESET) refers to port.o(.emb_text) for SVC_Handler
    startup_stm32f103xe.o(RESET) refers to stm32f1xx_it.o(i.DebugMon_Handler) for DebugMon_Handler
    startup_stm32f103xe.o(RESET) refers to cmsis_os2.o(i.SysTick_Handler) for SysTick_Handler
    startup_stm32f103xe.o(RESET) refers to stm32f1xx_it.o(i.USART1_IRQHandler) for USART1_IRQHandler
    startup_stm32f103xe.o(RESET) refers to stm32f1xx_it.o(i.USART2_IRQHandler) for USART2_IRQHandler
    startup_stm32f103xe.o(RESET) refers to stm32f1xx_it.o(i.TIM6_IRQHandler) for TIM6_IRQHandler
    startup_stm32f103xe.o(.text) refers (Special) to heapauxi.o(.text) for __use_two_region_memory
    startup_stm32f103xe.o(.text) refers to system_stm32f1xx.o(i.SystemInit) for SystemInit
    startup_stm32f103xe.o(.text) refers to __main.o(!!!main) for __main
    startup_stm32f103xe.o(.text) refers to startup_stm32f103xe.o(HEAP) for Heap_Mem
    startup_stm32f103xe.o(.text) refers to startup_stm32f103xe.o(STACK) for Stack_Mem
    main.o(i.HAL_TIM_PeriodElapsedCallback) refers to stm32f1xx_hal.o(i.HAL_IncTick) for HAL_IncTick
    main.o(i.SystemClock_Config) refers to rt_memclr_w.o(.text) for __aeabi_memclr4
    main.o(i.SystemClock_Config) refers to stm32f1xx_hal_rcc.o(i.HAL_RCC_OscConfig) for HAL_RCC_OscConfig
    main.o(i.SystemClock_Config) refers to stm32f1xx_hal_rcc.o(i.HAL_RCC_ClockConfig) for HAL_RCC_ClockConfig
    main.o(i.main) refers to stm32f1xx_hal.o(i.HAL_Init) for HAL_Init
    main.o(i.main) refers to main.o(i.SystemClock_Config) for SystemClock_Config
    main.o(i.main) refers to gpio.o(i.MX_GPIO_Init) for MX_GPIO_Init
    main.o(i.main) refers to usart.o(i.MX_USART1_UART_Init) for MX_USART1_UART_Init
    main.o(i.main) refers to gpio.o(i.GPIO_Init) for GPIO_Init
    main.o(i.main) refers to log.o(i.Log_Init) for Log_Init
    main.o(i.main) refers to cmsis_os2.o(i.osKernelInitialize) for osKernelInitialize
    main.o(i.main) refers to freertos.o(i.MX_FREERTOS_Init) for MX_FREERTOS_Init
    main.o(i.main) refers to cmsis_os2.o(i.osKernelStart) for osKernelStart
    main.o(i.main) refers to usart.o(.bss) for huart1
    gpio.o(i.GPIO_Init) refers to stm32f1xx_hal_gpio.o(i.HAL_GPIO_WritePin) for HAL_GPIO_WritePin
    gpio.o(i.GPIO_Init) refers to stm32f1xx_hal_gpio.o(i.HAL_GPIO_Init) for HAL_GPIO_Init
    gpio.o(i.MX_GPIO_Init) refers to stm32f1xx_hal_gpio.o(i.HAL_GPIO_WritePin) for HAL_GPIO_WritePin
    gpio.o(i.MX_GPIO_Init) refers to stm32f1xx_hal_gpio.o(i.HAL_GPIO_Init) for HAL_GPIO_Init
    freertos.o(i.MX_FREERTOS_Init) refers to cmsis_os2.o(i.osThreadNew) for osThreadNew
    freertos.o(i.MX_FREERTOS_Init) refers to freertos.o(.constdata) for .constdata
    freertos.o(i.MX_FREERTOS_Init) refers to freertos.o(i.StartDefaultTask) for StartDefaultTask
    freertos.o(i.MX_FREERTOS_Init) refers to freertos.o(.data) for .data
    freertos.o(i.StartDefaultTask) refers to portserial_m.o(i.xMBMasterPortSerialInit) for xMBMasterPortSerialInit
    freertos.o(i.StartDefaultTask) refers to rt_memcpy_w.o(.text) for __aeabi_memcpy4
    freertos.o(i.StartDefaultTask) refers to stm32f1xx_hal_uart.o(i.HAL_UART_Receive_IT) for HAL_UART_Receive_IT
    freertos.o(i.StartDefaultTask) refers to cmsis_os2.o(i.osDelay) for osDelay
    freertos.o(i.StartDefaultTask) refers to stm32f1xx_hal_gpio.o(i.HAL_GPIO_TogglePin) for HAL_GPIO_TogglePin
    freertos.o(i.StartDefaultTask) refers to log.o(i.Log_Print) for Log_Print
    freertos.o(i.StartDefaultTask) refers to stm32f1xx_hal.o(i.HAL_Delay) for HAL_Delay
    freertos.o(i.StartDefaultTask) refers to usart.o(.data) for rx_buffer
    freertos.o(i.StartDefaultTask) refers to usart.o(.bss) for huart1
    freertos.o(.constdata) refers to freertos.o(.conststring) for .conststring
    usart.o(i.HAL_UART_MspDeInit) refers to stm32f1xx_hal_gpio.o(i.HAL_GPIO_DeInit) for HAL_GPIO_DeInit
[...]
    prvIsQueueEmpty                          0x080029c5   Thumb Code    28  queue.o(i.prvIsQueueEmpty)
    i.prvProcessReceivedCommands             0x080029e0   Section        0  timers.o(i.prvProcessReceivedCommands)
    prvProcessReceivedCommands               0x080029e1   Thumb Code   248  timers.o(i.prvProcessReceivedCommands)
    i.prvProcessTimerOrBlockTask             0x08002adc   Section        0  timers.o(i.prvProcessTimerOrBlockTask)
    prvProcessTimerOrBlockTask               0x08002add   Thumb Code   182  timers.o(i.prvProcessTimerOrBlockTask)
    i.prvResetNextTaskUnblockTime            0x08002b9c   Section        0  tasks.o(i.prvResetNextTaskUnblockTime)
    prvResetNextTaskUnblockTime              0x08002b9d   Thumb Code    26  tasks.o(i.prvResetNextTaskUnblockTime)
    i.prvSampleTimeNow                       0x08002bbc   Section        0  timers.o(i.prvSampleTimeNow)
    prvSampleTimeNow                         0x08002bbd   Thumb Code    36  timers.o(i.prvSampleTimeNow)
    i.prvSwitchTimerLists                    0x08002be4   Section        0  timers.o(i.prvSwitchTimerLists)
    prvSwitchTimerLists                      0x08002be5   Thumb Code   104  timers.o(i.prvSwitchTimerLists)
    i.prvTaskExitError                       0x08002c50   Section        0  port.o(i.prvTaskExitError)
    prvTaskExitError                         0x08002c51   Thumb Code    36  port.o(i.prvTaskExitError)
    i.prvTestWaitCondition                   0x08002c78   Section        0  event_groups.o(i.prvTestWaitCondition)
    prvTestWaitCondition                     0x08002c79   Thumb Code    20  event_groups.o(i.prvTestWaitCondition)
    i.prvTimerTask                           0x08002c8c   Section        0  timers.o(i.prvTimerTask)
    prvTimerTask                             0x08002c8d   Thumb Code    32  timers.o(i.prvTimerTask)
    i.prvUnlockQueue                         0x08002cb0   Section        0  queue.o(i.prvUnlockQueue)
    prvUnlockQueue                           0x08002cb1   Thumb Code   106  queue.o(i.prvUnlockQueue)
    i.prveMBError2Exception                  0x08002d1a   Section        0  mbutils.o(i.prveMBError2Exception)
    i.pvPortMalloc                           0x08002d34   Section        0  heap_4.o(i.pvPortMalloc)
    i.pxPortInitialiseStack                  0x08002e10   Section        0  port.o(i.pxPortInitialiseStack)
    i.serial_soft_trans_irq                  0x08002e34   Section        0  portserial_m.o(i.serial_soft_trans_irq)
    serial_soft_trans_irq                    0x08002e35   Thumb Code    30  portserial_m.o(i.serial_soft_trans_irq)
    i.ucMBMasterGetDestAddress               0x08002e5c   Section        0  mb_m.o(i.ucMBMasterGetDestAddress)
    i.uxListRemove                           0x08002e68   Section        0  list.o(i.uxListRemove)
    i.uxTaskResetEventItemValue              0x08002e90   Section        0  tasks.o(i.uxTaskResetEventItemValue)
    i.vApplicationGetIdleTaskMemory          0x08002ea8   Section        0  cmsis_os2.o(i.vApplicationGetIdleTaskMemory)
    i.vApplicationGetTimerTaskMemory         0x08002ebc   Section        0  cmsis_os2.o(i.vApplicationGetTimerTaskMemory)
    i.vListInitialise                        0x08002ed4   Section        0  list.o(i.vListInitialise)
    i.vListInitialiseItem                    0x08002eea   Section        0  list.o(i.vListInitialiseItem)
    i.vListInsert                            0x08002ef0   Section        0  list.o(i.vListInsert)
    i.vListInsertEnd                         0x08002f20   Section        0  list.o(i.vListInsertEnd)
    i.vMBMasterGetPDUSndBuf                  0x08002f38   Section        0  mbrtu_m.o(i.vMBMasterGetPDUSndBuf)
    i.vPortEnterCritical                     0x08002f44   Section        0  port.o(i.vPortEnterCritical)
    i.vPortExitCritical                      0x08002f84   Section        0  port.o(i.vPortExitCritical)
    i.vPortFree                              0x08002fac   Section        0  heap_4.o(i.vPortFree)
    i.vPortSetupTimerInterrupt               0x08003010   Section        0  port.o(i.vPortSetupTimerInterrupt)
    i.vPortValidateInterruptPriority         0x08003034   Section        0  port.o(i.vPortValidateInterruptPriority)
    i.vQueueAddToRegistry                    0x08003088   Section        0  queue.o(i.vQueueAddToRegistry)
    i.vQueueWaitForMessageRestricted         0x080030b0   Section        0  queue.o(i.vQueueWaitForMessageRestricted)
    i.vTaskDelay                             0x080030f4   Section        0  tasks.o(i.vTaskDelay)
    i.vTaskInternalSetTimeOutState           0x08003140   Section        0  tasks.o(i.vTaskInternalSetTimeOutState)
    i.vTaskMissedYield                       0x08003150   Section        0  tasks.o(i.vTaskMissedYield)
    i.vTaskPlaceOnEventList                  0x0800315c   Section        0  tasks.o(i.vTaskPlaceOnEventList)
    i.vTaskPlaceOnEventListRestricted        0x0800318c   Section        0  tasks.o(i.vTaskPlaceOnEventListRestricted)
    i.vTaskPlaceOnUnorderedEventList         0x080031c4   Section        0  tasks.o(i.vTaskPlaceOnUnorderedEventList)
    i.vTaskStartScheduler                    0x08003214   Section        0  tasks.o(i.vTaskStartScheduler)
    i.vTaskSuspendAll                        0x0800329c   Section        0  tasks.o(i.vTaskSuspendAll)
    i.vTaskSwitchContext                     0x080032ac   Section        0  tasks.o(i.vTaskSwitchContext)
    i.xEventGroupCreate                      0x08003310   Section        0  event_groups.o(i.xEventGroupCreate)
    i.xEventGroupWaitBits                    0x0800332c   Section        0  event_groups.o(i.xEventGroupWaitBits)
    i.xMBMasterPortSerialInit                0x08003434   Section        0  portserial_m.o(i.xMBMasterPortSerialInit)
    i.xMBMasterRequestIsBroadcast            0x080034e0   Section        0  mbrtu_m.o(i.xMBMasterRequestIsBroadcast)
    i.xMBUtilSetBits                         0x080034ec   Section        0  mbutils.o(i.xMBUtilSetBits)
    i.xPortStartScheduler                    0x08003518   Section        0  port.o(i.xPortStartScheduler)
    i.xPortSysTickHandler                    0x080035c0   Section        0  port.o(i.xPortSysTickHandler)
    i.xQueueGenericCreateStatic              0x080035ec   Section        0  queue.o(i.xQueueGenericCreateStatic)
    i.xQueueGenericReset                     0x08003654   Section        0  queue.o(i.xQueueGenericReset)
    i.xQueueGenericSend                      0x080036dc   Section        0  queue.o(i.xQueueGenericSend)
    i.xQueueGenericSendFromISR               0x0800383c   Section        0  queue.o(i.xQueueGenericSendFromISR)
    i.xQueueReceive                          0x080038fc   Section        0  queue.o(i.xQueueReceive)
    i.xTaskCheckForTimeOut                   0x08003a34   Section        0  tasks.o(i.xTaskCheckForTimeOut)
    i.xTaskCreate                            0x08003aa8   Section        0  tasks.o(i.xTaskCreate)
    i.xTaskCreateStatic                      0x08003b02   Section        0  tasks.o(i.xTaskCreateStatic)
    i.xTaskGetSchedulerState                 0x08003b58   Section        0  tasks.o(i.xTaskGetSchedulerState)
    i.xTaskGetTickCount                      0x08003b74   Section        0  tasks.o(i.xTaskGetTickCount)
    i.xTaskIncrementTick                     0x08003b80   Section        0  tasks.o(i.xTaskIncrementTick)
    i.xTaskPriorityDisinherit                0x08003c48   Section        0  tasks.o(i.xTaskPriorityDisinherit)
    i.xTaskRemoveFromEventList               0x08003cc8   Section        0  tasks.o(i.xTaskRemoveFromEventList)
    i.xTaskResumeAll                         0x08003d38   Section        0  tasks.o(i.xTaskResumeAll)
    i.xTimerCreateTimerTask                  0x08003dfc   Section        0  timers.o(i.xTimerCreateTimerTask)
    i.xTimerGenericCommand                   0x08003e5c   Section        0  timers.o(i.xTimerGenericCommand)
    .constdata                               0x08003ec4   Section       36  freertos.o(.constdata)
    .constdata                               0x08003ee8   Section       18  stm32f1xx_hal_rcc.o(.constdata)
    aPredivFactorTable                       0x08003ee8   Data           2  stm32f1xx_hal_rcc.o(.constdata)
    aPLLMULFactorTable                       0x08003eea   Data          16  stm32f1xx_hal_rcc.o(.constdata)
    .constdata                               0x08003efa   Section       16  system_stm32f1xx.o(.constdata)
    .constdata                               0x08003f0a   Section        8  system_stm32f1xx.o(.constdata)
    .conststring                             0x08003f14   Section       12  freertos.o(.conststring)
    .data                                    0x20000000   Section        4  freertos.o(.data)
    .data                                    0x20000004   Section        8  usart.o(.data)
    .data                                    0x2000000c   Section       12  stm32f1xx_hal.o(.data)
    .data                                    0x20000018   Section        4  system_stm32f1xx.o(.data)
    .data                                    0x2000001c   Section       60  tasks.o(.data)
    uxDeletedTasksWaitingCleanUp             0x20000020   Data           4  tasks.o(.data)
    uxCurrentNumberOfTasks                   0x20000024   Data           4  tasks.o(.data)
    xTickCount                               0x20000028   Data           4  tasks.o(.data)
    uxTopReadyPriority                       0x2000002c   Data           4  tasks.o(.data)
    xSchedulerRunning                        0x20000030   Data           4  tasks.o(.data)
    xPendedTicks                             0x20000034   Data           4  tasks.o(.data)
    xYieldPending                            0x20000038   Data           4  tasks.o(.data)
    xNumOfOverflows                          0x2000003c   Data           4  tasks.o(.data)
    uxTaskNumber                             0x20000040   Data           4  tasks.o(.data)
    xNextTaskUnblockTime                     0x20000044   Data           4  tasks.o(.data)
    xIdleTaskHandle                          0x20000048   Data           4  tasks.o(.data)
    uxSchedulerSuspended                     0x2000004c   Data           4  tasks.o(.data)
    pxDelayedTaskList                        0x20000050   Data           4  tasks.o(.data)
    pxOverflowDelayedTaskList                0x20000054   Data           4  tasks.o(.data)
    .data                                    0x20000058   Section       20  timers.o(.data)
    xTimerQueue                              0x20000058   Data           4  timers.o(.data)
    xTimerTaskHandle                         0x2000005c   Data           4  timers.o(.data)
    xLastTime                                0x20000060   Data           4  timers.o(.data)
    pxCurrentTimerList                       0x20000064   Data           4  timers.o(.data)
    pxOverflowTimerList                      0x20000068   Data           4  timers.o(.data)
    .data                                    0x2000006c   Section        4  cmsis_os2.o(.data)
    KernelState                              0x2000006c   Data           4  cmsis_os2.o(.data)
    .data                                    0x20000070   Section       32  heap_4.o(.data)
    pxEnd                                    0x20000070   Data           4  heap_4.o(.data)
    xFreeBytesRemaining                      0x20000074   Data           4  heap_4.o(.data)
    xMinimumEverFreeBytesRemaining           0x20000078   Data           4  heap_4.o(.data)
    xNumberOfSuccessfulAllocations           0x2000007c   Data           4  heap_4.o(.data)
    xNumberOfSuccessfulFrees                 0x20000080   Data           4  heap_4.o(.data)
    xBlockAllocatedBit                       0x20000084   Data           4  heap_4.o(.data)
    xStart                                   0x20000088   Data           8  heap_4.o(.data)
    .data                                    0x20000090   Section       12  port.o(.data)
    ucMaxSysCallPriority                     0x20000090   Data           1  port.o(.data)
    uxCriticalNesting                        0x20000094   Data           4  port.o(.data)
    ulMaxPRIGROUPValue                       0x20000098   Data           4  port.o(.data)
    .data                                    0x2000009c   Section       16  log.o(.data)
    tx_busy                                  0x2000009c   Data           1  log.o(.data)
    Log_enabled                              0x2000009d   Data           1  log.o(.data)
    log_485_enabled                          0x2000009e   Data           1  log.o(.data)
    RS485_DE_RE_Pin                          0x200000a0   Data           2  log.o(.data)
    log_uart                                 0x200000a4   Data           4  log.o(.data)
    RS485_DE_RE_GPIO                         0x200000a8   Data           4  log.o(.data)
    .data                                    0x200000ac   Section        8  user_mb_app_m.o(.data)
    .data                                    0x200000b4   Section        8  portserial_m.o(.data)
    event_serial                             0x200000b4   Data           4  portserial_m.o(.data)
    serial                                   0x200000b8   Data           4  portserial_m.o(.data)
    .data                                    0x200000bc   Section      176  mb_m.o(.data)
    xMBRunInMasterMode                       0x200000bc   Data           1  mb_m.o(.data)
    eMBState                                 0x200000bd   Data           1  mb_m.o(.data)
    ucRcvAddress                             0x200000be   Data           1  mb_m.o(.data)
    ucFunctionCode                           0x200000bf   Data           1  mb_m.o(.data)
    eException                               0x200000c0   Data           1  mb_m.o(.data)
    ucMBMasterDestAddress                    0x200000c1   Data           1  mb_m.o(.data)
    eMBMasterCurErrorType                    0x200000c2   Data           1  mb_m.o(.data)
    usLength                                 0x200000c4   Data           2  mb_m.o(.data)
    ucMBFrame                                0x200000c8   Data           4  mb_m.o(.data)
    peMBMasterFrameSendCur                   0x200000cc   Data           4  mb_m.o(.data)
    pvMBMasterFrameStartCur                  0x200000d0   Data           4  mb_m.o(.data)
    pvMBMasterFrameStopCur                   0x200000d4   Data           4  mb_m.o(.data)
    peMBMasterFrameReceiveCur                0x200000d8   Data           4  mb_m.o(.data)
    pvMBMasterFrameCloseCur                  0x200000dc   Data           4  mb_m.o(.data)
    xMasterFuncHandlers                      0x200000ec   Data         128  mb_m.o(.data)
    .data                                    0x2000016c   Section       16  mbrtu_m.o(.data)
    xFrameIsBroadcast                        0x2000016c   Data           1  mbrtu_m.o(.data)
    eSndState                                0x2000016d   Data           1  mbrtu_m.o(.data)
    eRcvState                                0x2000016e   Data           1  mbrtu_m.o(.data)
    eMasterCurTimerMode                      0x2000016f   Data           1  mbrtu_m.o(.data)
    usMasterSendPDULength                    0x20000170   Data           2  mbrtu_m.o(.data)
    usMasterSndBufferCount                   0x20000172   Data           2  mbrtu_m.o(.data)
    usMasterRcvBufferPos                     0x20000174   Data           2  mbrtu_m.o(.data)
    pucMasterSndBufferCur                    0x20000178   Data           4  mbrtu_m.o(.data)
    .data                                    0x2000017c   Section        2  mbfuncother.o(.data)
    usMBSlaveIDLen                           0x2000017c   Data           2  mbfuncother.o(.data)
    .bss                                     0x20000180   Section      144  usart.o(.bss)
    .bss                                     0x20000210   Section       72  stm32f1xx_hal_timebase_tim.o(.bss)
    .bss                                     0x20000258   Section       64  queue.o(.bss)
    .bss                                     0x20000298   Section     1220  tasks.o(.bss)
    pxReadyTasksLists                        0x20000298   Data        1120  tasks.o(.bss)
    xDelayedTaskList1                        0x200006f8   Data          20  tasks.o(.bss)
    xDelayedTaskList2                        0x2000070c   Data          20  tasks.o(.bss)
    xPendingReadyList                        0x20000720   Data          20  tasks.o(.bss)
    xTasksWaitingTermination                 0x20000734   Data          20  tasks.o(.bss)
    xSuspendedTaskList                       0x20000748   Data          20  tasks.o(.bss)
    .bss                                     0x2000075c   Section      280  timers.o(.bss)
    xStaticTimerQueue                        0x2000075c   Data          80  timers.o(.bss)
    ucStaticTimerQueueStorage                0x200007ac   Data         160  timers.o(.bss)
    xActiveTimerList1                        0x2000084c   Data          20  timers.o(.bss)
    xActiveTimerList2                        0x20000860   Data          20  timers.o(.bss)
    .bss                                     0x20000874   Section     1720  cmsis_os2.o(.bss)
    Idle_TCB                                 0x20000874   Data          92  cmsis_os2.o(.bss)
    Idle_Stack                               0x200008d0   Data         512  cmsis_os2.o(.bss)
    Timer_TCB                                0x20000ad0   Data          92  cmsis_os2.o(.bss)
    Timer_Stack                              0x20000b2c   Data        1024  cmsis_os2.o(.bss)
    .bss                                     0x20000f2c   Section     3072  heap_4.o(.bss)
    ucHeap                                   0x20000f2c   Data        3072  heap_4.o(.bss)
    .bss                                     0x20001b2c   Section       64  log.o(.bss)
    pending_msg                              0x20001b2c   Data          64  log.o(.bss)
    .bss                                     0x20001b6c   Section     6560  user_mb_app_m.o(.bss)
    .bss                                     0x2000350c   Section      292  portserial_m.o(.bss)
    rx_buff                                  0x2000350c   Data         265  portserial_m.o(.bss)
    Master_serial_rx_fifo                    0x20003618   Data          24  portserial_m.o(.bss)
    .bss                                     0x20003630   Section      509  mbrtu_m.o(.bss)
    ucMasterRTUSndBuf                        0x20003630   Data         253  mbrtu_m.o(.bss)
    ucMasterRTURcvBuf                        0x2000372d   Data         256  mbrtu_m.o(.bss)
    .bss                                     0x2000382d   Section       32  mbfuncother.o(.bss)
    ucMBSlaveID                              0x2000382d   Data          32  mbfuncother.o(.bss)
    .bss                                     0x20003850   Section       96  libspace.o(.bss)
    HEAP                                     0x200038b0   Section      512  startup_stm32f103xe.o(HEAP)
    Heap_Mem                                 0x200038b0   Data         512  startup_stm32f103xe.o(HEAP)
    STACK                                    0x20003ab0   Section     1024  startup_stm32f103xe.o(STACK)
    Stack_Mem                                0x20003ab0   Data        1024  startup_stm32f103xe.o(STACK)
    __initial_sp                             0x20003eb0   Data           0  startup_stm32f103xe.o(STACK)

    Global Symbols

    Symbol Name                              Value     Ov Type        Size  Object(Section)

    BuildAttributes$$THM_ISAv4$P$D$K$B$S$PE$A:L22UL41UL21$X:L11$S22US41US21$IEEE1$IW$USESV6$~STKCKD$USESV7$~SHL$OSPACE$ROPI$EBA8$UX$STANDARDLIB$REQ8$PRES8$EABIv2 0x00000000   Number         0  anon$$obj.o ABSOLUTE
    __ARM_use_no_argv                        0x00000000   Number         0  main.o ABSOLUTE
    __ARM_exceptions_init                     - Undefined Weak Reference
    __alloca_initialize                       - Undefined Weak Reference
    __arm_fini_                               - Undefined Weak Reference
    __arm_preinit_                            - Undefined Weak Reference
    __cpp_initialize__aeabi_                  - Undefined Weak Reference
    __cxa_finalize                            - Undefined Weak Reference
    __rt_locale                               - Undefined Weak Reference
    __sigvec_lookup                           - Undefined Weak Reference
    _atexit_init                              - Undefined Weak Reference
    _call_atexit_fns                          - Undefined Weak Reference
    _clock_init                               - Undefined Weak Reference
    _fp_trap_init                             - Undefined Weak Reference
    _fp_trap_shutdown                         - Undefined Weak Reference
    _get_lc_collate                           - Undefined Weak Reference
    _get_lc_ctype                             - Undefined Weak Reference
    _get_lc_monetary                          - Undefined Weak Reference
    _get_lc_numeric                           - Undefined Weak Reference
    _get_lc_time                              - Undefined Weak Reference
    _getenv_init                              - Undefined Weak Reference
    _handle_redirection                       - Undefined Weak Reference
    _init_alloc                               - Undefined Weak Reference
    _init_user_alloc                          - Undefined Weak Reference
    _initio                                   - Undefined Weak Reference
    _rand_init                                - Undefined Weak Reference
    _signal_finish                            - Undefined Weak Reference
    _signal_init                              - Undefined Weak Reference
    _terminate_alloc                          - Undefined Weak Reference
    _terminate_user_alloc                     - Undefined Weak Reference
    _terminateio                              - Undefined Weak Reference
    __Vectors_Size                           0x00000130   Number         0  startup_stm32f103xe.o ABSOLUTE
    __Vectors                                0x08000000   Data           4  startup_stm32f103xe.o(RESET)
    __Vectors_End                            0x08000130   Data           0  startup_stm32f103xe.o(RESET)
    __main                                   0x08000131   Thumb Code     8  __main.o(!!!main)
    __scatterload                            0x08000139   Thumb Code     0  __scatter.o(!!!scatter)
    __scatterload_rt2                        0x08000139   Thumb Code    44  __scatter.o(!!!scatter)
    __scatterload_rt2_thumb_only             0x08000139   Thumb Code     0  __scatter.o(!!!scatter)
    __scatterload_null                       0x08000147   Thumb Code     0  __scatter.o(!!!scatter)
    __decompress                             0x0800016d   Thumb Code    90  __dczerorl2.o(!!dczerorl2)
    __decompress1                            0x0800016d   Thumb Code     0  __dczerorl2.o(!!dczerorl2)
    __scatterload_zeroinit                   0x080001c9   Thumb Code    28  __scatter_zi.o(!!handler_zi)
    __rt_lib_init                            0x080001e5   Thumb Code     0  libinit.o(.ARM.Collect$$libinit$$00000000)
    __rt_lib_init_alloca_1                   0x080001e7   Thumb Code     0  libinit2.o(.ARM.Collect$$libinit$$0000002E)
    __rt_lib_init_argv_1                     0x080001e7   Thumb Code     0  libinit2.o(.ARM.Collect$$libinit$$0000002C)
    __rt_lib_init_atexit_1                   0x080001e7   Thumb Code     0  libinit2.o(.ARM.Collect$$libinit$$0000001B)
    __rt_lib_init_clock_1                    0x080001e7   Thumb Code     0  libinit2.o(.ARM.Collect$$libinit$$00000021)
    __rt_lib_init_cpp_1                      0x080001e7   Thumb Code     0  libinit2.o(.ARM.Collect$$libinit$$00000032)
    __rt_lib_init_exceptions_1               0x080001e7   Thumb Code     0  libinit2.o(.ARM.Collect$$libinit$$00000030)
    __rt_lib_init_fp_1                       0x080001e7   Thumb Code     0  libinit2.o(.ARM.Collect$$libinit$$00000002)
    __rt_lib_init_fp_trap_1                  0x080001e7   Thumb Code     0  libinit2.o(.ARM.Collect$$libinit$$0000001F)
    __rt_lib_init_getenv_1                   0x080001e7   Thumb Code     0  libinit2.o(.ARM.Collect$$libinit$$00000023)
    __rt_lib_init_heap_1                     0x080001e7   Thumb Code     0  libinit2.o(.ARM.Collect$$libinit$$0000000A)
    __rt_lib_init_lc_collate_1               0x080001e7   Thumb Code     0  libinit2.o(.ARM.Collect$$libinit$$00000011)
    __rt_lib_init_lc_ctype_1                 0x080001e7   Thumb Code     0  libinit2.o(.ARM.Collect$$libinit$$00000013)
    __rt_lib_init_lc_monetary_1              0x080001e7   Thumb Code     0  libinit2.o(.ARM.Collect$$libinit$$00000015)
    __rt_lib_init_lc_numeric_1               0x080001e7   Thumb Code     0  libinit2.o(.ARM.Collect$$libinit$$00000017)
    __rt_lib_init_lc_time_1                  0x080001e7   Thumb Code     0  libinit2.o(.ARM.Collect$$libinit$$00000019)
    __rt_lib_init_preinit_1                  0x080001e7   Thumb Code     0  libinit2.o(.ARM.Collect$$libinit$$00000004)
    __rt_lib_init_rand_1                     0x080001e7   Thumb Code     0  libinit2.o(.ARM.Collect$$libinit$$0000000E)
    __rt_lib_init_return                     0x080001e7   Thumb Code     0  libinit2.o(.ARM.Collect$$libinit$$00000033)
    __rt_lib_init_signal_1                   0x080001e7   Thumb Code     0  libinit2.o(.ARM.Collect$$libinit$$0000001D)
    __rt_lib_init_stdio_1                    0x080001e7   Thumb Code     0  libinit2.o(.ARM.Collect$$libinit$$00000025)
    __rt_lib_init_user_alloc_1               0x080001e7   Thumb Code     0  libinit2.o(.ARM.Collect$$libinit$$0000000C)
    __rt_lib_shutdown                        0x080001e9   Thumb Code     0  libshutdown.o(.ARM.Collect$$libshutdown$$00000000)
    __rt_lib_shutdown_cpp_1                  0x080001eb   Thumb Code     0  libshutdown2.o(.ARM.Collect$$libshutdown$$00000004)
    __rt_lib_shutdown_fini_1                 0x080001eb   Thumb Code     0  libshutdown2.o(.ARM.Collect$$libshutdown$$00000002)
    __rt_lib_shutdown_fp_trap_1              0x080001eb   Thumb Code     0  libshutdown2.o(.ARM.Collect$$libshutdown$$00000009)
    __rt_lib_shutdown_heap_1                 0x080001eb   Thumb Code     0  libshutdown2.o(.ARM.Collect$$libshutdown$$00000011)
    __rt_lib_shutdown_return                 0x080001eb   Thumb Code     0  libshutdown2.o(.ARM.Collect$$libshutdown$$00000012)
    __rt_lib_shutdown_signal_1               0x080001eb   Thumb Code     0  libshutdown2.o(.ARM.Collect$$libshutdown$$0000000C)
    __rt_lib_shutdown_stdio_1                0x080001eb   Thumb Code     0  libshutdown2.o(.ARM.Collect$$libshutdown$$00000006)
    __rt_lib_shutdown_user_alloc_1           0x080001eb   Thumb Code     0  libshutdown2.o(.ARM.Collect$$libshutdown$$0000000E)
    __rt_entry                               0x080001ed   Thumb Code     0  __rtentry.o(.ARM.Collect$$rtentry$$00000000)
    __rt_entry_presh_1                       0x080001ed   Thumb Code     0  __rtentry2.o(.ARM.Collect$$rtentry$$00000002)
    __rt_entry_sh                            0x080001ed   Thumb Code     0  __rtentry4.o(.ARM.Collect$$rtentry$$00000004)
    __rt_entry_li                            0x080001f3   Thumb Code     0  __rtentry2.o(.ARM.Collect$$rtentry$$0000000A)
    __rt_entry_postsh_1                      0x080001f3   Thumb Code     0  __rtentry2.o(.ARM.Collect$$rtentry$$00000009)
    __rt_entry_main                          0x080001f7   Thumb Code     0  __rtentry2.o(.ARM.Collect$$rtentry$$0000000D)
    __rt_entry_postli_1                      0x080001f7   Thumb Code     0  __rtentry2.o(.ARM.Collect$$rtentry$$0000000C)
    __rt_exit                                0x080001ff   Thumb Code     0  rtexit.o(.ARM.Collect$$rtexit$$00000000)
    __rt_exit_ls                             0x08000201   Thumb Code     0  rtexit2.o(.ARM.Collect$$rtexit$$00000003)
    __rt_exit_prels_1                        0x08000201   Thumb Code     0  rtexit2.o(.ARM.Collect$$rtexit$$00000002)
    __rt_exit_exit                           0x08000205   Thumb Code     0  rtexit2.o(.ARM.Collect$$rtexit$$00000004)
    SVC_Handler                              0x0800020d   Thumb Code    32  port.o(.emb_text)
    __asm___6_port_c_39a90d8d__prvStartFirstTask 0x08000231   Thumb Code    28  port.o(.emb_text)
    PendSV_Handler                           0x08000251   Thumb Code    72  port.o(.emb_text)
    vPortGetIPSR                             0x0800029d   Thumb Code     6  port.o(.emb_text)
    Reset_Handler                            0x080002a5   Thumb Code     8  startup_stm32f103xe.o(.text)
    ADC1_2_IRQHandler                        0x080002bf   Thumb Code     0  startup_stm32f103xe.o(.text)
    ADC3_IRQHandler                          0x080002bf   Thumb Code     0  startup_stm32f103xe.o(.text)
    CAN1_RX1_IRQHandler                      0x080002bf   Thumb Code     0  startup_stm32f103xe.o(.text)
    CAN1_SCE_IRQHandler                      0x080002bf   Thumb Code     0  startup_stm32f103xe.o(.text)
    DMA1_Channel1_IRQHandler                 0x080002bf   Thumb Code     0  startup_stm32f103xe.o(.text)
    DMA1_Channel2_IRQHandler                 0x080002bf   Thumb Code     0  startup_stm32f103xe.o(.text)
    DMA1_Channel3_IRQHandler                 0x080002bf   Thumb Code     0  startup_stm32f103xe.o(.text)
    DMA1_Channel4_IRQHandler                 0x080002bf   Thumb Code     0  startup_stm32f103xe.o(.text)
    DMA1_Channel5_IRQHandler                 0x080002bf   Thumb Code     0  startup_stm32f103xe.o(.text)
    DMA1_Channel6_IRQHandler                 0x080002bf   Thumb Code     0  startup_stm32f103xe.o(.text)
    DMA1_Channel7_IRQHandler                 0x080002bf   Thumb Code     0  startup_stm32f103xe.o(.text)
    DMA2_Channel1_IRQHandler                 0x080002bf   Thumb Code     0  startup_stm32f103xe.o(.text)
    DMA2_Channel2_IRQHandler                 0x080002bf   Thumb Code     0  startup_stm32f103xe.o(.text)
    DMA2_Channel3_IRQHandler                 0x080002bf   Thumb Code     0  startup_stm32f103xe.o(.text)
    DMA2_Channel4_5_IRQHandler               0x080002bf   Thumb Code     0  startup_stm32f103xe.o(.text)
    EXTI0_IRQHandler                         0x080002bf   Thumb Code     0  startup_stm32f103xe.o(.text)
    EXTI15_10_IRQHandler                     0x080002bf   Thumb Code     0  startup_stm32f103xe.o(.text)
    EXTI1_IRQHandler                         0x080002bf   Thumb Code     0  startup_stm32f103xe.o(.text)
    EXTI2_IRQHandler                         0x080002bf   Thumb Code     0  startup_stm32f103xe.o(.text)
    EXTI3_IRQHandler                         0x080002bf   Thumb Code     0  startup_stm32f103xe.o(.text)
    EXTI4_IRQHandler                         0x080002bf   Thumb Code     0  startup_stm32f103xe.o(.text)
    EXTI9_5_IRQHandler                       0x080002bf   Thumb Code     0  startup_stm32f103xe.o(.text)
    FLASH_IRQHandler                         0x080002bf   Thumb Code     0  startup_stm32f103xe.o(.text)
    FSMC_IRQHandler                          0x080002bf   Thumb Code     0  startup_stm32f103xe.o(.text)
    I2C1_ER_IRQHandler                       0x080002bf   Thumb Code     0  startup_stm32f103xe.o(.text)
    I2C1_EV_IRQHandler                       0x080002bf   Thumb Code     0  startup_stm32f103xe.o(.text)
    I2C2_ER_IRQHandler                       0x080002bf   Thumb Code     0  startup_stm32f103xe.o(.text)
    I2C2_EV_IRQHandler                       0x080002bf   Thumb Code     0  startup_stm32f103xe.o(.text)
    PVD_IRQHandler                           0x080002bf   Thumb Code     0  startup_stm32f103xe.o(.text)
    RCC_IRQHandler                           0x080002bf   Thumb Code     0  startup_stm32f103xe.o(.text)
    RTC_Alarm_IRQHandler                     0x080002bf   Thumb Code     0  startup_stm32f103xe.o(.text)
    RTC_IRQHandler                           0x080002bf   Thumb Code     0  startup_stm32f103xe.o(.text)
    SDIO_IRQHandler                          0x080002bf   Thumb Code     0  startup_stm32f103xe.o(.text)
    SPI1_IRQHandler                          0x080002bf   Thumb Code     0  startup_stm32f103xe.o(.text)
    SPI2_IRQHandler                          0x080002bf   Thumb Code     0  startup_stm32f103xe.o(.text)
    SPI3_IRQHandler                          0x080002bf   Thumb Code     0  startup_stm32f103xe.o(.text)
    TAMPER_IRQHandler                        0x080002bf   Thumb Code     0  startup_stm32f103xe.o(.text)
    TIM1_BRK_IRQHandler                      0x080002bf   Thumb Code     0  startup_stm32f103xe.o(.text)
    TIM1_CC_IRQHandler                       0x080002bf   Thumb Code     0  startup_stm32f103xe.o(.text)
    TIM1_TRG_COM_IRQHandler                  0x080002bf   Thumb Code     0  startup_stm32f103xe.o(.text)
    TIM1_UP_IRQHandler                       0x080002bf   Thumb Code     0  startup_stm32f103xe.o(.text)
    TIM2_IRQHandler                          0x080002bf   Thumb Code     0  startup_stm32f103xe.o(.text)
    TIM3_IRQHandler                          0x080002bf   Thumb Code     0  startup_stm32f103xe.o(.text)
    TIM4_IRQHandler                          0x080002bf   Thumb Code     0  startup_stm32f103xe.o(.text)
    TIM5_IRQHandler                          0x080002bf   Thumb Code     0  startup_stm32f103xe.o(.text)
    TIM7_IRQHandler                          0x080002bf   Thumb Code     0  startup_stm32f103xe.o(.text)
    TIM8_BRK_IRQHandler                      0x080002bf   Thumb Code     0  startup_stm32f103xe.o(.text)
    TIM8_CC_IRQHandler                       0x080002bf   Thumb Code     0  startup_stm32f103xe.o(.text)
    TIM8_TRG_COM_IRQHandler                  0x080002bf   Thumb Code     0  startup_stm32f103xe.o(.text)
    TIM8_UP_IRQHandler                       0x080002bf   Thumb Code     0  startup_stm32f103xe.o(.text)
    UART4_IRQHandler                         0x080002bf   Thumb Code     0  startup_stm32f103xe.o(.text)
    UART5_IRQHandler                         0x080002bf   Thumb Code     0  startup_stm32f103xe.o(.text)
    USART3_IRQHandler                        0x080002bf   Thumb Code     0  startup_stm32f103xe.o(.text)
    USBWakeUp_IRQHandler                     0x080002bf   Thumb Code     0  startup_stm32f103xe.o(.text)
    USB_HP_CAN1_TX_IRQHandler                0x080002bf   Thumb Code     0  startup_stm32f103xe.o(.text)
    USB_LP_CAN1_RX0_IRQHandler               0x080002bf   Thumb Code     0  startup_stm32f103xe.o(.text)
    WWDG_IRQHandler                          0x080002bf   Thumb Code     0  startup_stm32f103xe.o(.text)
    __user_initial_stackheap                 0x080002c1   Thumb Code     0  startup_stm32f103xe.o(.text)
    strlen                                   0x080002e5   Thumb Code    62  strlen.o(.text)
    __aeabi_memcpy                           0x08000323   Thumb Code     0  rt_memcpy_v6.o(.text)
    __rt_memcpy                              0x08000323   Thumb Code   138  rt_memcpy_v6.o(.text)
    _memcpy_lastbytes                        0x08000389   Thumb Code     0  rt_memcpy_v6.o(.text)
    __aeabi_memcpy4                          0x080003ad   Thumb Code     0  rt_memcpy_w.o(.text)
    __aeabi_memcpy8                          0x080003ad   Thumb Code     0  rt_memcpy_w.o(.text)
    __rt_memcpy_w                            0x080003ad   Thumb Code   100  rt_memcpy_w.o(.text)
    _memcpy_lastbytes_aligned                0x080003f5   Thumb Code     0  rt_memcpy_w.o(.text)
    __aeabi_memset                           0x08000411   Thumb Code    16  aeabi_memset.o(.text)
    __aeabi_memclr4                          0x08000421   Thumb Code     0  rt_memclr_w.o(.text)
    __aeabi_memclr8                          0x08000421   Thumb Code     0  rt_memclr_w.o(.text)
    __rt_memclr_w                            0x08000421   Thumb Code    78  rt_memclr_w.o(.text)
    _memset_w                                0x08000425   Thumb Code     0  rt_memclr_w.o(.text)
    strncpy                                  0x0800046f   Thumb Code    86  strncpy.o(.text)
    __use_two_region_memory                  0x080004c5   Thumb Code     2  heapauxi.o(.text)
    __rt_heap_escrow$2region                 0x080004c7   Thumb Code     2  heapauxi.o(.text)
    __rt_heap_expand$2region                 0x080004c9   Thumb Code     2  heapauxi.o(.text)
    __aeabi_memclr                           0x080004cb   Thumb Code     0  rt_memclr.o(.text)
    __rt_memclr                              0x080004cb   Thumb Code    68  rt_memclr.o(.text)
    _memset                                  0x080004cf   Thumb Code     0  rt_memclr.o(.text)
    __user_setup_stackheap                   0x0800050f   Thumb Code    74  sys_stackheap_outer.o(.text)
    exit                                     0x08000559   Thumb Code    18  exit.o(.text)
    __user_libspace                          0x0800056d   Thumb Code     8  libspace.o(.text)
    __user_perproc_libspace                  0x0800056d   Thumb Code     0  libspace.o(.text)
    __user_perthread_libspace                0x0800056d   Thumb Code     0  libspace.o(.text)
    _sys_exit                                0x08000575   Thumb Code     8  sys_exit.o(.text)
    __I$use$semihosting                      0x08000581   Thumb Code     0  use_no_semi.o(.text)
    __use_no_semihosting_swi                 0x08000581   Thumb Code     2  use_no_semi.o(.text)
    BusFault_Handler                         0x08000583   Thumb Code     2  stm32f1xx_it.o(i.BusFault_Handler)
    __semihosting_library_function           0x08000583   Thumb Code     0  indicate_semi.o(.text)
    DebugMon_Handler                         0x08000585   Thumb Code     2  stm32f1xx_it.o(i.DebugMon_Handler)
    Error_Handler                            0x08000587   Thumb Code     4  main.o(i.Error_Handler)
    GPIO_Init                                0x0800058d   Thumb Code    70  gpio.o(i.GPIO_Init)
    HAL_DMA_Abort                            0x080005dd   Thumb Code    70  stm32f1xx_hal_dma.o(i.HAL_DMA_Abort)
    HAL_DMA_Abort_IT                         0x08000625   Thumb Code   296  stm32f1xx_hal_dma.o(i.HAL_DMA_Abort_IT)
    HAL_Delay                                0x08000755   Thumb Code    32  stm32f1xx_hal.o(i.HAL_Delay)
    HAL_GPIO_Init                            0x08000779   Thumb Code   462  stm32f1xx_hal_gpio.o(i.HAL_GPIO_Init)
    HAL_GPIO_TogglePin                       0x08000971   Thumb Code    16  stm32f1xx_hal_gpio.o(i.HAL_GPIO_TogglePin)
    HAL_GPIO_WritePin                        0x08000981   Thumb Code    10  stm32f1xx_hal_gpio.o(i.HAL_GPIO_WritePin)
    HAL_GetTick                              0x0800098d   Thumb Code     6  stm32f1xx_hal.o(i.HAL_GetTick)
    HAL_IncTick                              0x08000999   Thumb Code    12  stm32f1xx_hal.o(i.HAL_IncTick)
    HAL_Init                                 0x080009a9   Thumb Code    32  stm32f1xx_hal.o(i.HAL_Init)
    HAL_InitTick                             0x080009cd   Thumb Code   132  stm32f1xx_hal_timebase_tim.o(i.HAL_InitTick)
    HAL_MspInit                              0x08000a65   Thumb Code    62  stm32f1xx_hal_msp.o(i.HAL_MspInit)
    HAL_NVIC_EnableIRQ                       0x08000aad   Thumb Code    26  stm32f1xx_hal_cortex.o(i.HAL_NVIC_EnableIRQ)
    HAL_NVIC_SetPriority                     0x08000ac9   Thumb Code    60  stm32f1xx_hal_cortex.o(i.HAL_NVIC_SetPriority)
    HAL_NVIC_SetPriorityGrouping             0x08000b09   Thumb Code    26  stm32f1xx_hal_cortex.o(i.HAL_NVIC_SetPriorityGrouping)
    HAL_RCC_ClockConfig                      0x08000b2d   Thumb Code   280  stm32f1xx_hal_rcc.o(i.HAL_RCC_ClockConfig)
    HAL_RCC_GetClockConfig                   0x08000c59   Thumb Code    54  stm32f1xx_hal_rcc.o(i.HAL_RCC_GetClockConfig)
    HAL_RCC_GetPCLK1Freq                     0x08000c99   Thumb Code    20  stm32f1xx_hal_rcc.o(i.HAL_RCC_GetPCLK1Freq)
    HAL_RCC_GetPCLK2Freq                     0x08000cb9   Thumb Code    20  stm32f1xx_hal_rcc.o(i.HAL_RCC_GetPCLK2Freq)
    HAL_RCC_GetSysClockFreq                  0x08000cd9   Thumb Code    58  stm32f1xx_hal_rcc.o(i.HAL_RCC_GetSysClockFreq)
    HAL_RCC_OscConfig                        0x08000d25   Thumb Code   778  stm32f1xx_hal_rcc.o(i.HAL_RCC_OscConfig)
    HAL_TIMEx_BreakCallback                  0x08001045   Thumb Code     2  stm32f1xx_hal_tim_ex.o(i.HAL_TIMEx_BreakCallback)
    HAL_TIMEx_CommutCallback                 0x08001047   Thumb Code     2  stm32f1xx_hal_tim_ex.o(i.HAL_TIMEx_CommutCallback)
    HAL_TIM_Base_Init                        0x08001049   Thumb Code    90  stm32f1xx_hal_tim.o(i.HAL_TIM_Base_Init)
    HAL_TIM_Base_MspInit                     0x080010a3   Thumb Code     2  stm32f1xx_hal_tim.o(i.HAL_TIM_Base_MspInit)
    HAL_TIM_Base_Start_IT                    0x080010a5   Thumb Code    88  stm32f1xx_hal_tim.o(i.HAL_TIM_Base_Start_IT)
    HAL_TIM_IC_CaptureCallback               0x08001111   Thumb Code     2  stm32f1xx_hal_tim.o(i.HAL_TIM_IC_CaptureCallback)
    HAL_TIM_IRQHandler                       0x08001113   Thumb Code   304  stm32f1xx_hal_tim.o(i.HAL_TIM_IRQHandler)
    HAL_TIM_OC_DelayElapsedCallback          0x08001243   Thumb Code     2  stm32f1xx_hal_tim.o(i.HAL_TIM_OC_DelayElapsedCallback)
    HAL_TIM_PWM_PulseFinishedCallback        0x08001245   Thumb Code     2  stm32f1xx_hal_tim.o(i.HAL_TIM_PWM_PulseFinishedCallback)
    HAL_TIM_PeriodElapsedCallback            0x08001249   Thumb Code    14  main.o(i.HAL_TIM_PeriodElapsedCallback)
    HAL_TIM_TriggerCallback                  0x0800125d   Thumb Code     2  stm32f1xx_hal_tim.o(i.HAL_TIM_TriggerCallback)
    HAL_UARTEx_RxEventCallback               0x0800125f   Thumb Code     2  stm32f1xx_hal_uart.o(i.HAL_UARTEx_RxEventCallback)
    HAL_UART_ErrorCallback                   0x08001261   Thumb Code     2  stm32f1xx_hal_uart.o(i.HAL_UART_ErrorCallback)
    HAL_UART_IRQHandler                      0x08001265   Thumb Code   616  stm32f1xx_hal_uart.o(i.HAL_UART_IRQHandler)
    HAL_UART_Init                            0x080014d1   Thumb Code   100  stm32f1xx_hal_uart.o(i.HAL_UART_Init)
    HAL_UART_MspInit                         0x08001535   Thumb Code   198  usart.o(i.HAL_UART_MspInit)
    HAL_UART_Receive_IT                      0x0800160d   Thumb Code    28  stm32f1xx_hal_uart.o(i.HAL_UART_Receive_IT)
    HAL_UART_RxCpltCallback                  0x08001629   Thumb Code   124  usart.o(i.HAL_UART_RxCpltCallback)
    HAL_UART_Transmit                        0x080016b5   Thumb Code   160  stm32f1xx_hal_uart.o(i.HAL_UART_Transmit)
    HAL_UART_Transmit_IT                     0x08001755   Thumb Code    50  stm32f1xx_hal_uart.o(i.HAL_UART_Transmit_IT)
    HAL_UART_TxCpltCallback                  0x08001789   Thumb Code    30  log.o(i.HAL_UART_TxCpltCallback)
    HardFault_Handler                        0x080017ad   Thumb Code     2  stm32f1xx_it.o(i.HardFault_Handler)
    Log_Init                                 0x080017b1   Thumb Code    28  log.o(i.Log_Init)
    Log_Print                                0x080017d1   Thumb Code    76  log.o(i.Log_Print)
    MX_FREERTOS_Init                         0x08001825   Thumb Code    18  freertos.o(i.MX_FREERTOS_Init)
    MX_GPIO_Init                             0x08001845   Thumb Code   154  gpio.o(i.MX_GPIO_Init)
    MX_USART1_UART_Init                      0x080018ed   Thumb Code    48  usart.o(i.MX_USART1_UART_Init)
    Master_RxCpltCallback                    0x08001925   Thumb Code    52  portserial_m.o(i.Master_RxCpltCallback)
    MemManage_Handler                        0x08001965   Thumb Code     2  stm32f1xx_it.o(i.MemManage_Handler)
    NMI_Handler                              0x08001967   Thumb Code     2  stm32f1xx_it.o(i.NMI_Handler)
    StartDefaultTask                         0x08001969   Thumb Code    98  freertos.o(i.StartDefaultTask)
    SysTick_Handler                          0x08001a01   Thumb Code    26  cmsis_os2.o(i.SysTick_Handler)
    SystemClock_Config                       0x08001a1b   Thumb Code    94  main.o(i.SystemClock_Config)
    SystemInit                               0x08001a79   Thumb Code     2  system_stm32f1xx.o(i.SystemInit)
    TIM6_IRQHandler                          0x08001a7d   Thumb Code     6  stm32f1xx_it.o(i.TIM6_IRQHandler)
    TIM_Base_SetConfig                       0x08001a89   Thumb Code   134  stm32f1xx_hal_tim.o(i.TIM_Base_SetConfig)
    UART_Start_Receive_IT                    0x08001cfd   Thumb Code    54  stm32f1xx_hal_uart.o(i.UART_Start_Receive_IT)
    USART1_IRQHandler                        0x08001da5   Thumb Code     6  stm32f1xx_it.o(i.USART1_IRQHandler)
    USART2_IRQHandler                        0x08001db1   Thumb Code    54  stm32f1xx_it.o(i.USART2_IRQHandler)
    UsageFault_Handler                       0x08001ded   Thumb Code     2  stm32f1xx_it.o(i.UsageFault_Handler)
    eMBFuncReportSlaveID                     0x08001e11   Thumb Code    26  mbfuncother.o(i.eMBFuncReportSlaveID)
    eMBMasterFuncReadCoils                   0x08001e35   Thumb Code    98  mbfunccoils_m.o(i.eMBMasterFuncReadCoils)
    eMBMasterFuncReadDiscreteInputs          0x08001e97   Thumb Code    96  mbfuncdisc_m.o(i.eMBMasterFuncReadDiscreteInputs)
    eMBMasterFuncReadHoldingRegister         0x08001ef7   Thumb Code    82  mbfuncholding_m.o(i.eMBMasterFuncReadHoldingRegister)
    eMBMasterFuncReadInputRegister           0x08001f49   Thumb Code    80  mbfuncinput_m.o(i.eMBMasterFuncReadInputRegister)
    eMBMasterFuncReadWriteMultipleHoldingRegister 0x08001f99   Thumb Code   114  mbfuncholding_m.o(i.eMBMasterFuncReadWriteMultipleHoldingRegister)
    eMBMasterFuncWriteCoil                   0x0800200b   Thumb Code    86  mbfunccoils_m.o(i.eMBMasterFuncWriteCoil)
    eMBMasterFuncWriteHoldingRegister        0x08002061   Thumb Code    50  mbfuncholding_m.o(i.eMBMasterFuncWriteHoldingRegister)
    eMBMasterFuncWriteMultipleCoils          0x08002093   Thumb Code    96  mbfunccoils_m.o(i.eMBMasterFuncWriteMultipleCoils)
    eMBMasterFuncWriteMultipleHoldingRegister 0x080020f3   Thumb Code    76  mbfuncholding_m.o(i.eMBMasterFuncWriteMultipleHoldingRegister)
    eMBMasterRegCoilsCB                      0x08002141   Thumb Code   114  user_mb_app_m.o(i.eMBMasterRegCoilsCB)
    eMBMasterRegDiscreteCB                   0x080021bd   Thumb Code   114  user_mb_app_m.o(i.eMBMasterRegDiscreteCB)
    eMBMasterRegHoldingCB                    0x08002239   Thumb Code    94  user_mb_app_m.o(i.eMBMasterRegHoldingCB)
    eMBMasterRegInputCB                      0x080022a1   Thumb Code    94  user_mb_app_m.o(i.eMBMasterRegInputCB)
    lwrb_get_free                            0x08002309   Thumb Code    34  lwrb.o(i.lwrb_get_free)
    lwrb_init                                0x0800232b   Thumb Code    24  lwrb.o(i.lwrb_init)
    lwrb_write                               0x08002343   Thumb Code    22  lwrb.o(i.lwrb_write)
    lwrb_write_ex                            0x08002359   Thumb Code   142  lwrb.o(i.lwrb_write_ex)
    main                                     0x080023e9   Thumb Code    46  main.o(i.main)
    osDelay                                  0x0800241d   Thumb Code    26  cmsis_os2.o(i.osDelay)
    osKernelInitialize                       0x08002439   Thumb Code    32  cmsis_os2.o(i.osKernelInitialize)
    osKernelStart                            0x0800245d   Thumb Code    48  cmsis_os2.o(i.osKernelStart)
    osThreadNew                              0x08002495   Thumb Code   138  cmsis_os2.o(i.osThreadNew)
    process_received_data                    0x08002521   Thumb Code    70  usart.o(i.process_received_data)
    prveMBError2Exception                    0x08002d1b   Thumb Code    24  mbutils.o(i.prveMBError2Exception)
    pvPortMalloc                             0x08002d35   Thumb Code   216  heap_4.o(i.pvPortMalloc)
    pxPortInitialiseStack                    0x08002e11   Thumb Code    32  port.o(i.pxPortInitialiseStack)
    ucMBMasterGetDestAddress                 0x08002e5d   Thumb Code     6  mb_m.o(i.ucMBMasterGetDestAddress)
    uxListRemove                             0x08002e69   Thumb Code    38  list.o(i.uxListRemove)
    uxTaskResetEventItemValue                0x08002e91   Thumb Code    20  tasks.o(i.uxTaskResetEventItemValue)
    vApplicationGetIdleTaskMemory            0x08002ea9   Thumb Code    16  cmsis_os2.o(i.vApplicationGetIdleTaskMemory)
    vApplicationGetTimerTaskMemory           0x08002ebd   Thumb Code    18  cmsis_os2.o(i.vApplicationGetTimerTaskMemory)
    vListInitialise                          0x08002ed5   Thumb Code    22  list.o(i.vListInitialise)
    vListInitialiseItem                      0x08002eeb   Thumb Code     6  list.o(i.vListInitialiseItem)
    vListInsert                              0x08002ef1   Thumb Code    48  list.o(i.vListInsert)
    vListInsertEnd                           0x08002f21   Thumb Code    24  list.o(i.vListInsertEnd)
    vMBMasterGetPDUSndBuf                    0x08002f39   Thumb Code     6  mbrtu_m.o(i.vMBMasterGetPDUSndBuf)
    vPortEnterCritical                       0x08002f45   Thumb Code    54  port.o(i.vPortEnterCritical)
    vPortExitCritical                        0x08002f85   Thumb Code    34  port.o(i.vPortExitCritical)
    vPortFree                                0x08002fad   Thumb Code    94  heap_4.o(i.vPortFree)
    vPortSetupTimerInterrupt                 0x08003011   Thumb Code    32  port.o(i.vPortSetupTimerInterrupt)
    vPortValidateInterruptPriority           0x08003035   Thumb Code    74  port.o(i.vPortValidateInterruptPriority)
    vQueueAddToRegistry                      0x08003089   Thumb Code    34  queue.o(i.vQueueAddToRegistry)
    vQueueWaitForMessageRestricted           0x080030b1   Thumb Code    68  queue.o(i.vQueueWaitForMessageRestricted)
    vTaskDelay                               0x080030f5   Thumb Code    66  tasks.o(i.vTaskDelay)
    vTaskInternalSetTimeOutState             0x08003141   Thumb Code    12  tasks.o(i.vTaskInternalSetTimeOutState)
    vTaskMissedYield                         0x08003151   Thumb Code     8  tasks.o(i.vTaskMissedYield)
    vTaskPlaceOnEventList                    0x0800315d   Thumb Code    44  tasks.o(i.vTaskPlaceOnEventList)
    vTaskPlaceOnEventListRestricted          0x0800318d   Thumb Code    52  tasks.o(i.vTaskPlaceOnEventListRestricted)
    vTaskPlaceOnUnorderedEventList           0x080031c5   Thumb Code    76  tasks.o(i.vTaskPlaceOnUnorderedEventList)
    vTaskStartScheduler                      0x08003215   Thumb Code   118  tasks.o(i.vTaskStartScheduler)
    vTaskSuspendAll                          0x0800329d   Thumb Code    10  tasks.o(i.vTaskSuspendAll)
    vTaskSwitchContext                       0x080032ad   Thumb Code    90  tasks.o(i.vTaskSwitchContext)
    xEventGroupCreate                        0x08003311   Thumb Code    28  event_groups.o(i.xEventGroupCreate)
    xEventGroupWaitBits                      0x0800332d   Thumb Code   260  event_groups.o(i.xEventGroupWaitBits)
    xMBMasterPortSerialInit                  0x08003435   Thumb Code   140  portserial_m.o(i.xMBMasterPortSerialInit)
    xMBMasterRequestIsBroadcast              0x080034e1   Thumb Code     6  mbrtu_m.o(i.xMBMasterRequestIsBroadcast)
    xMBUtilSetBits                           0x080034ed   Thumb Code    42  mbutils.o(i.xMBUtilSetBits)
    xPortStartScheduler                      0x08003519   Thumb Code   154  port.o(i.xPortStartScheduler)
    xPortSysTickHandler                      0x080035c1   Thumb Code    38  port.o(i.xPortSysTickHandler)
    xQueueGenericCreateStatic                0x080035ed   Thumb Code   102  queue.o(i.xQueueGenericCreateStatic)
    xQueueGenericReset                       0x08003655   Thumb Code   132  queue.o(i.xQueueGenericReset)
    xQueueGenericSend                        0x080036dd   Thumb Code   346  queue.o(i.xQueueGenericSend)
    xQueueGenericSendFromISR                 0x0800383d   Thumb Code   190  queue.o(i.xQueueGenericSendFromISR)
    xQueueReceive                            0x080038fd   Thumb Code   308  queue.o(i.xQueueReceive)
    xTaskCheckForTimeOut                     0x08003a35   Thumb Code   112  tasks.o(i.xTaskCheckForTimeOut)
    xTaskCreate                              0x08003aa9   Thumb Code    90  tasks.o(i.xTaskCreate)
    xTaskCreateStatic                        0x08003b03   Thumb Code    86  tasks.o(i.xTaskCreateStatic)
    xTaskGetSchedulerState                   0x08003b59   Thumb Code    22  tasks.o(i.xTaskGetSchedulerState)
    xTaskGetTickCount                        0x08003b75   Thumb Code     6  tasks.o(i.xTaskGetTickCount)
    xTaskIncrementTick                       0x08003b81   Thumb Code   192  tasks.o(i.xTaskIncrementTick)
    xTaskPriorityDisinherit                  0x08003c49   Thumb Code   118  tasks.o(i.xTaskPriorityDisinherit)
    xTaskRemoveFromEventList                 0x08003cc9   Thumb Code    98  tasks.o(i.xTaskRemoveFromEventList)
    xTaskResumeAll                           0x08003d39   Thumb Code   182  tasks.o(i.xTaskResumeAll)
    xTimerCreateTimerTask                    0x08003dfd   Thumb Code    78  timers.o(i.xTimerCreateTimerTask)
    xTimerGenericCommand                     0x08003e5d   Thumb Code    98  timers.o(i.xTimerGenericCommand)
    defaultTask_attributes                   0x08003ec4   Data          36  freertos.o(.constdata)
    AHBPrescTable                            0x08003efa   Data          16  system_stm32f1xx.o(.constdata)
    APBPrescTable                            0x08003f0a   Data           8  system_stm32f1xx.o(.constdata)
    Region$$Table$$Base                      0x08003f20   Number         0  anon$$obj.o(Region$$Table)
    Region$$Table$$Limit                     0x08003f40   Number         0  anon$$obj.o(Region$$Table)
    defaultTaskHandle                        0x20000000   Data           4  freertos.o(.data)
    rx_buffer                                0x20000004   Data           1  usart.o(.data)
    rx_index                                 0x20000006   Data           2  usart.o(.data)
    ToggleRedLed                             0x20000008   Data           2  usart.o(.data)
    rx_data                                  0x2000000a   Data           2  usart.o(.data)
    uwTickFreq                               0x2000000c   Data           1  stm32f1xx_hal.o(.data)
    uwTickPrio                               0x20000010   Data           4  stm32f1xx_hal.o(.data)
    uwTick                                   0x20000014   Data           4  stm32f1xx_hal.o(.data)
    SystemCoreClock                          0x20000018   Data           4  system_stm32f1xx.o(.data)
    pxCurrentTCB                             0x2000001c   Data           4  tasks.o(.data)
    usMDiscInStart                           0x200000ac   Data           2  user_mb_app_m.o(.data)
    usMCoilStart                             0x200000ae   Data           2  user_mb_app_m.o(.data)
    usMRegInStart                            0x200000b0   Data           2  user_mb_app_m.o(.data)
    usMRegHoldStart                          0x200000b2   Data           2  user_mb_app_m.o(.data)
    pxMBMasterFrameCBByteReceived            0x200000e0   Data           4  mb_m.o(.data)
    pxMBMasterFrameCBTransmitterEmpty        0x200000e4   Data           4  mb_m.o(.data)
    pxMBMasterPortCBTimerExpired             0x200000e8   Data           4  mb_m.o(.data)
    huart1                                   0x20000180   Data          72  usart.o(.bss)
    huart2                                   0x200001c8   Data          72  usart.o(.bss)
    htim6                                    0x20000210   Data          72  stm32f1xx_hal_timebase_tim.o(.bss)
    xQueueRegistry                           0x20000258   Data          64  queue.o(.bss)
    ucMDiscInBuf                             0x20001b6c   Data          32  user_mb_app_m.o(.bss)
    ucMCoilBuf                               0x20001b8c   Data         128  user_mb_app_m.o(.bss)
    usMRegInBuf                              0x20001c0c   Data        3200  user_mb_app_m.o(.bss)
    usMRegHoldBuf                            0x2000288c   Data        3200  user_mb_app_m.o(.bss)
    __libspace_start                         0x20003850   Data          96  libspace.o(.bss)
    __temporary_stack_top$libspace           0x200038b0   Data           0  libspace.o(.bss)



==============================================================================

Memory Map of the image

  Image Entry point : 0x08000131

  Load Region LR_IROM1 (Base: 0x08000000, Size: 0x000040c0, Max: 0x00080000, ABSOLUTE, COMPRESSED[0x00003f88])

    Execution Region ER_IROM1 (Exec base: 0x08000000, Load base: 0x08000000, Size: 0x00003f40, Max: 0x00080000, ABSOLUTE)

    Exec Addr    Load Addr    Size         Type   Attr      Idx    E Section Name        Object

    0x08000000   0x08000000   0x00000130   Data   RO            3    RESET               startup_stm32f103xe.o
    0x08000130   0x08000130   0x00000008   Code   RO         5881  * !!!main             c_w.l(__main.o)
    0x08000138   0x08000138   0x00000034   Code   RO         6044    !!!scatter          c_w.l(__scatter.o)
    0x0800016c   0x0800016c   0x0000005a   Code   RO         6042    !!dczerorl2         c_w.l(__dczerorl2.o)
    0x080001c6   0x080001c6   0x00000002   PAD
    0x080001c8   0x080001c8   0x0000001c   Code   RO         6046    !!handler_zi        c_w.l(__scatter_zi.o)
    0x080001e4   0x080001e4   0x00000002   Code   RO         5910    .ARM.Collect$$libinit$$00000000  c_w.l(libinit.o)
    0x080001e6   0x080001e6   0x00000000   Code   RO         5917    .ARM.Collect$$libinit$$00000002  c_w.l(libinit2.o)
    0x080001e6   0x080001e6   0x00000000   Code   RO         5919    .ARM.Collect$$libinit$$00000004  c_w.l(libinit2.o)
    0x080001e6   0x080001e6   0x00000000   Code   RO         5922    .ARM.Collect$$libinit$$0000000A  c_w.l(libinit2.o)
    0x080001e6   0x080001e6   0x00000000   Code   RO         5924    .ARM.Collect$$libinit$$0000000C  c_w.l(libinit2.o)
    0x080001e6   0x080001e6   0x00000000   Code   RO         5926    .ARM.Collect$$libinit$$0000000E  c_w.l(libinit2.o)
    0x080001e6   0x080001e6   0x00000000   Code   RO         5929    .ARM.Collect$$libinit$$00000011  c_w.l(libinit2.o)
    0x080001e6   0x080001e6   0x00000000   Code   RO         5931    .ARM.Collect$$libinit$$00000013  c_w.l(libinit2.o)
    0x080001e6   0x080001e6   0x00000000   Code   RO         5933    .ARM.Collect$$libinit$$00000015  c_w.l(libinit2.o)
    0x080001e6   0x080001e6   0x00000000   Code   RO         5935    .ARM.Collect$$libinit$$00000017  c_w.l(libinit2.o)
    0x080001e6   0x080001e6   0x00000000   Code   RO         5937    .ARM.Collect$$libinit$$00000019  c_w.l(libinit2.o)
    0x080001e6   0x080001e6   0x00000000   Code   RO         5939    .ARM.Collect$$libinit$$0000001B  c_w.l(libinit2.o)
    0x080001e6   0x080001e6   0x00000000   Code   RO         5941    .ARM.Collect$$libinit$$0000001D  c_w.l(libinit2.o)
    0x080001e6   0x080001e6   0x00000000   Code   RO         5943    .ARM.Collect$$libinit$$0000001F  c_w.l(libinit2.o)
    0x080001e6   0x080001e6   0x00000000   Code   RO         5945    .ARM.Collect$$libinit$$00000021  c_w.l(libinit2.o)
    0x080001e6   0x080001e6   0x00000000   Code   RO         5947    .ARM.Collect$$libinit$$00000023  c_w.l(libinit2.o)
    0x080001e6   0x080001e6   0x00000000   Code   RO         5949    .ARM.Collect$$libinit$$00000025  c_w.l(libinit2.o)
    0x080001e6   0x080001e6   0x00000000   Code   RO         5953    .ARM.Collect$$libinit$$0000002C  c_w.l(libinit2.o)
    0x080001e6   0x080001e6   0x00000000   Code   RO         5955    .ARM.Collect$$libinit$$0000002E  c_w.l(libinit2.o)
    0x080001e6   0x080001e6   0x00000000   Code   RO         5957    .ARM.Collect$$libinit$$00000030  c_w.l(libinit2.o)
    0x080001e6   0x080001e6   0x00000000   Code   RO         5959    .ARM.Collect$$libinit$$00000032  c_w.l(libinit2.o)
    0x080001e6   0x080001e6   0x00000002   Code   RO         5960    .ARM.Collect$$libinit$$00000033  c_w.l(libinit2.o)
    0x080001e8   0x080001e8   0x00000002   Code   RO         5980    .ARM.Collect$$libshutdown$$00000000  c_w.l(libshutdown.o)
    0x080001ea   0x080001ea   0x00000000   Code   RO         5993    .ARM.Collect$$libshutdown$$00000002  c_w.l(libshutdown2.o)
    0x080001ea   0x080001ea   0x00000000   Code   RO         5995    .ARM.Collect$$libshutdown$$00000004  c_w.l(libshutdown2.o)
    0x080001ea   0x080001ea   0x00000000   Code   RO         5997    .ARM.Collect$$libshutdown$$00000006  c_w.l(libshutdown2.o)
    0x080001ea   0x080001ea   0x00000000   Code   RO         6000    .ARM.Collect$$libshutdown$$00000009  c_w.l(libshutdown2.o)
    0x080001ea   0x080001ea   0x00000000   Code   RO         6003    .ARM.Collect$$libshutdown$$0000000C  c_w.l(libshutdown2.o)
    0x080001ea   0x080001ea   0x00000000   Code   RO         6005    .ARM.Collect$$libshutdown$$0000000E  c_w.l(libshutdown2.o)
    0x080001ea   0x080001ea   0x00000000   Code   RO         6008    .ARM.Collect$$libshutdown$$00000011  c_w.l(libshutdown2.o)
    0x080001ea   0x080001ea   0x00000002   Code   RO         6009    .ARM.Collect$$libshutdown$$00000012  c_w.l(libshutdown2.o)
    0x080001ec   0x080001ec   0x00000000   Code   RO         5883    .ARM.Collect$$rtentry$$00000000  c_w.l(__rtentry.o)
    0x080001ec   0x080001ec   0x00000000   Code   RO         5887    .ARM.Collect$$rtentry$$00000002  c_w.l(__rtentry2.o)
    0x080001ec   0x080001ec   0x00000006   Code   RO         5899    .ARM.Collect$$rtentry$$00000004  c_w.l(__rtentry4.o)
    0x080001f2   0x080001f2   0x00000000   Code   RO         5889    .ARM.Collect$$rtentry$$00000009  c_w.l(__rtentry2.o)
    0x080001f2   0x080001f2   0x00000004   Code   RO         5890    .ARM.Collect$$rtentry$$0000000A  c_w.l(__rtentry2.o)
    0x080001f6   0x080001f6   0x00000000   Code   RO         5892    .ARM.Collect$$rtentry$$0000000C  c_w.l(__rtentry2.o)
    0x080001f6   0x080001f6   0x00000008   Code   RO         5893    .ARM.Collect$$rtentry$$0000000D  c_w.l(__rtentry2.o)
    0x080001fe   0x080001fe   0x00000002   Code   RO         5914    .ARM.Collect$$rtexit$$00000000  c_w.l(rtexit.o)
    0x08000200   0x08000200   0x00000000   Code   RO         5962    .ARM.Collect$$rtexit$$00000002  c_w.l(rtexit2.o)
    0x08000200   0x08000200   0x00000004   Code   RO         5963    .ARM.Collect$$rtexit$$00000003  c_w.l(rtexit2.o)
    0x08000204   0x08000204   0x00000006   Code   RO         5964    .ARM.Collect$$rtexit$$00000004  c_w.l(rtexit2.o)
    0x0800020a   0x0800020a   0x00000002   PAD
    0x0800020c   0x0800020c   0x00000096   Code   RO         4530    .emb_text           port.o
    0x080002a2   0x080002a2   0x00000002   PAD
    0x080002a4   0x080002a4   0x00000040   Code   RO            4    .text               startup_stm32f103xe.o
    0x080002e4   0x080002e4   0x0000003e   Code   RO         5865    .text               c_w.l(strlen.o)
    0x08000322   0x08000322   0x0000008a   Code   RO         5867    .text               c_w.l(rt_memcpy_v6.o)
    0x080003ac   0x080003ac   0x00000064   Code   RO         5869    .text               c_w.l(rt_memcpy_w.o)
    0x08000410   0x08000410   0x00000010   Code   RO         5873    .text               c_w.l(aeabi_memset.o)
    0x08000420   0x08000420   0x0000004e   Code   RO         5875    .text               c_w.l(rt_memclr_w.o)
    0x0800046e   0x0800046e   0x00000056   Code   RO         5877    .text               c_w.l(strncpy.o)
    0x080004c4   0x080004c4   0x00000006   Code   RO         5879    .text               c_w.l(heapauxi.o)
    0x080004ca   0x080004ca   0x00000044   Code   RO         5884    .text               c_w.l(rt_memclr.o)
    0x0800050e   0x0800050e   0x0000004a   Code   RO         5901    .text               c_w.l(sys_stackheap_outer.o)
    0x08000558   0x08000558   0x00000012   Code   RO         5903    .text               c_w.l(exit.o)
    0x0800056a   0x0800056a   0x00000002   PAD
    0x0800056c   0x0800056c   0x00000008   Code   RO         5911    .text               c_w.l(libspace.o)
    0x08000574   0x08000574   0x0000000c   Code   RO         5972    .text               c_w.l(sys_exit.o)
    0x08000580   0x08000580   0x00000002   Code   RO         5983    .text               c_w.l(use_no_semi.o)
    0x08000582   0x08000582   0x00000000   Code   RO         5985    .text               c_w.l(indicate_semi.o)
    0x08000582   0x08000582   0x00000002   Code   RO          326    i.BusFault_Handler  stm32f1xx_it.o
    0x08000584   0x08000584   0x00000002   Code   RO          327    i.DebugMon_Handler  stm32f1xx_it.o
    0x08000586   0x08000586   0x00000004   Code   RO           13    i.Error_Handler     main.o
    0x0800058a   0x0800058a   0x00000002   PAD
    0x0800058c   0x0800058c   0x00000050   Code   RO          189    i.GPIO_Init         gpio.o
    0x080005dc   0x080005dc   0x00000046   Code   RO         1855    i.HAL_DMA_Abort     stm32f1xx_hal_dma.o
    0x08000622   0x08000622   0x00000002   PAD
    0x08000624   0x08000624   0x00000130   Code   RO         1856    i.HAL_DMA_Abort_IT  stm32f1xx_hal_dma.o
    0x08000754   0x08000754   0x00000024   Code   RO         1481    i.HAL_Delay         stm32f1xx_hal.o
    0x08000778   0x08000778   0x000001f8   Code   RO         1791    i.HAL_GPIO_Init     stm32f1xx_hal_gpio.o
    0x08000970   0x08000970   0x00000010   Code   RO         1794    i.HAL_GPIO_TogglePin  stm32f1xx_hal_gpio.o
    0x08000980   0x08000980   0x0000000a   Code   RO         1795    i.HAL_GPIO_WritePin  stm32f1xx_hal_gpio.o
    0x0800098a   0x0800098a   0x00000002   PAD
    0x0800098c   0x0800098c   0x0000000c   Code   RO         1485    i.HAL_GetTick       stm32f1xx_hal.o
    0x08000998   0x08000998   0x00000010   Code   RO         1491    i.HAL_IncTick       stm32f1xx_hal.o
    0x080009a8   0x080009a8   0x00000024   Code   RO         1492    i.HAL_Init          stm32f1xx_hal.o
    0x080009cc   0x080009cc   0x00000098   Code   RO          426    i.HAL_InitTick      stm32f1xx_hal_timebase_tim.o
    0x08000a64   0x08000a64   0x00000048   Code   RO          402    i.HAL_MspInit       stm32f1xx_hal_msp.o
    0x08000aac   0x08000aac   0x0000001a   Code   RO         1951    i.HAL_NVIC_EnableIRQ  stm32f1xx_hal_cortex.o
    0x08000ac6   0x08000ac6   0x00000002   PAD
    0x08000ac8   0x08000ac8   0x00000040   Code   RO         1957    i.HAL_NVIC_SetPriority  stm32f1xx_hal_cortex.o
    0x08000b08   0x08000b08   0x00000024   Code   RO         1958    i.HAL_NVIC_SetPriorityGrouping  stm32f1xx_hal_cortex.o
    0x08000b2c   0x08000b2c   0x0000012c   Code   RO         1649    i.HAL_RCC_ClockConfig  stm32f1xx_hal_rcc.o
    0x08000c58   0x08000c58   0x00000040   Code   RO         1653    i.HAL_RCC_GetClockConfig  stm32f1xx_hal_rcc.o
    0x08000c98   0x08000c98   0x00000020   Code   RO         1656    i.HAL_RCC_GetPCLK1Freq  stm32f1xx_hal_rcc.o
    0x08000cb8   0x08000cb8   0x00000020   Code   RO         1657    i.HAL_RCC_GetPCLK2Freq  stm32f1xx_hal_rcc.o
    0x08000cd8   0x08000cd8   0x0000004c   Code   RO         1658    i.HAL_RCC_GetSysClockFreq  stm32f1xx_hal_rcc.o
    0x08000d24   0x08000d24   0x00000320   Code   RO         1661    i.HAL_RCC_OscConfig  stm32f1xx_hal_rcc.o
    0x08001044   0x08001044   0x00000002   Code   RO         1207    i.HAL_TIMEx_BreakCallback  stm32f1xx_hal_tim_ex.o
    0x08001046   0x08001046   0x00000002   Code   RO         1208    i.HAL_TIMEx_CommutCallback  stm32f1xx_hal_tim_ex.o
    0x08001048   0x08001048   0x0000005a   Code   RO          503    i.HAL_TIM_Base_Init  stm32f1xx_hal_tim.o
    0x080010a2   0x080010a2   0x00000002   Code   RO          505    i.HAL_TIM_Base_MspInit  stm32f1xx_hal_tim.o
    0x080010a4   0x080010a4   0x0000006c   Code   RO          508    i.HAL_TIM_Base_Start_IT  stm32f1xx_hal_tim.o
    0x08001110   0x08001110   0x00000002   Code   RO          537    i.HAL_TIM_IC_CaptureCallback  stm32f1xx_hal_tim.o
    0x08001112   0x08001112   0x00000130   Code   RO          551    i.HAL_TIM_IRQHandler  stm32f1xx_hal_tim.o
    0x08001242   0x08001242   0x00000002   Code   RO          554    i.HAL_TIM_OC_DelayElapsedCallback  stm32f1xx_hal_tim.o
    0x08001244   0x08001244   0x00000002   Code   RO          581    i.HAL_TIM_PWM_PulseFinishedCallback  stm32f1xx_hal_tim.o
    0x08001246   0x08001246   0x00000002   PAD
    0x08001248   0x08001248   0x00000014   Code   RO           14    i.HAL_TIM_PeriodElapsedCallback  main.o
    0x0800125c   0x0800125c   0x00000002   Code   RO          594    i.HAL_TIM_TriggerCallback  stm32f1xx_hal_tim.o
    0x0800125e   0x0800125e   0x00000002   Code   RO         2463    i.HAL_UARTEx_RxEventCallback  stm32f1xx_hal_uart.o
    0x08001260   0x08001260   0x00000002   Code   RO         2477    i.HAL_UART_ErrorCallback  stm32f1xx_hal_uart.o
    0x08001262   0x08001262   0x00000002   PAD
    0x08001264   0x08001264   0x0000026c   Code   RO         2480    i.HAL_UART_IRQHandler  stm32f1xx_hal_uart.o
    0x080014d0   0x080014d0   0x00000064   Code   RO         2481    i.HAL_UART_Init     stm32f1xx_hal_uart.o
    0x08001534   0x08001534   0x000000d8   Code   RO          266    i.HAL_UART_MspInit  usart.o
    0x0800160c   0x0800160c   0x0000001c   Code   RO         2486    i.HAL_UART_Receive_IT  stm32f1xx_hal_uart.o
    0x08001628   0x08001628   0x0000008c   Code   RO          267    i.HAL_UART_RxCpltCallback  usart.o
    0x080016b4   0x080016b4   0x000000a0   Code   RO         2489    i.HAL_UART_Transmit  stm32f1xx_hal_uart.o
    0x08001754   0x08001754   0x00000032   Code   RO         2491    i.HAL_UART_Transmit_IT  stm32f1xx_hal_uart.o
    0x08001786   0x08001786   0x00000002   PAD
    0x08001788   0x08001788   0x00000024   Code   RO         4610    i.HAL_UART_TxCpltCallback  log.o
    0x080017ac   0x080017ac   0x00000002   Code   RO          328    i.HardFault_Handler  stm32f1xx_it.o
    0x080017ae   0x080017ae   0x00000002   PAD
    0x080017b0   0x080017b0   0x00000020   Code   RO         4611    i.Log_Init          log.o
    0x080017d0   0x080017d0   0x00000054   Code   RO         4612    i.Log_Print         log.o
    0x08001824   0x08001824   0x00000020   Code   RO          219    i.MX_FREERTOS_Init  freertos.o
    0x08001844   0x08001844   0x000000a8   Code   RO          190    i.MX_GPIO_Init      gpio.o
    0x080018ec   0x080018ec   0x00000038   Code   RO          268    i.MX_USART1_UART_Init  usart.o
    0x08001924   0x08001924   0x00000040   Code   RO         4913    i.Master_RxCpltCallback  portserial_m.o
    0x08001964   0x08001964   0x00000002   Code   RO          329    i.MemManage_Handler  stm32f1xx_it.o
    0x08001966   0x08001966   0x00000002   Code   RO          330    i.NMI_Handler       stm32f1xx_it.o
    0x08001968   0x08001968   0x00000098   Code   RO          220    i.StartDefaultTask  freertos.o
    0x08001a00   0x08001a00   0x0000001a   Code   RO         3962    i.SysTick_Handler   cmsis_os2.o
    0x08001a1a   0x08001a1a   0x0000005e   Code   RO           15    i.SystemClock_Config  main.o
    0x08001a78   0x08001a78   0x00000002   Code   RO         2815    i.SystemInit        system_stm32f1xx.o
    0x08001a7a   0x08001a7a   0x00000002   PAD
    0x08001a7c   0x08001a7c   0x0000000c   Code   RO          331    i.TIM6_IRQHandler   stm32f1xx_it.o
    0x08001a88   0x08001a88   0x0000009c   Code   RO          596    i.TIM_Base_SetConfig  stm32f1xx_hal_tim.o
    0x08001b24   0x08001b24   0x00000010   Code   RO         2494    i.UART_DMAAbortOnError  stm32f1xx_hal_uart.o
    0x08001b34   0x08001b34   0x0000004e   Code   RO         2504    i.UART_EndRxTransfer  stm32f1xx_hal_uart.o
    0x08001b82   0x08001b82   0x000000c2   Code   RO         2506    i.UART_Receive_IT   stm32f1xx_hal_uart.o
    0x08001c44   0x08001c44   0x000000b8   Code   RO         2507    i.UART_SetConfig    stm32f1xx_hal_uart.o
    0x08001cfc   0x08001cfc   0x00000036   Code   RO         2509    i.UART_Start_Receive_IT  stm32f1xx_hal_uart.o
    0x08001d32   0x08001d32   0x00000072   Code   RO         2510    i.UART_WaitOnFlagUntilTimeout  stm32f1xx_hal_uart.o
    0x08001da4   0x08001da4   0x0000000c   Code   RO          332    i.USART1_IRQHandler  stm32f1xx_it.o
    0x08001db0   0x08001db0   0x0000003c   Code   RO          333    i.USART2_IRQHandler  stm32f1xx_it.o
    0x08001dec   0x08001dec   0x00000002   Code   RO          334    i.UsageFault_Handler  stm32f1xx_it.o
    0x08001dee   0x08001dee   0x00000020   Code   RO         1964    i.__NVIC_SetPriority  stm32f1xx_hal_cortex.o
    0x08001e0e   0x08001e0e   0x00000002   PAD
    0x08001e10   0x08001e10   0x00000024   Code   RO         5621    i.eMBFuncReportSlaveID  mbfuncother.o
    0x08001e34   0x08001e34   0x00000062   Code   RO         5348    i.eMBMasterFuncReadCoils  mbfunccoils_m.o
    0x08001e96   0x08001e96   0x00000060   Code   RO         5429    i.eMBMasterFuncReadDiscreteInputs  mbfuncdisc_m.o
    0x08001ef6   0x08001ef6   0x00000052   Code   RO         5501    i.eMBMasterFuncReadHoldingRegister  mbfuncholding_m.o
    0x08001f48   0x08001f48   0x00000050   Code   RO         5591    i.eMBMasterFuncReadInputRegister  mbfuncinput_m.o
    0x08001f98   0x08001f98   0x00000072   Code   RO         5502    i.eMBMasterFuncReadWriteMultipleHoldingRegister  mbfuncholding_m.o
    0x0800200a   0x0800200a   0x00000056   Code   RO         5349    i.eMBMasterFuncWriteCoil  mbfunccoils_m.o
    0x08002060   0x08002060   0x00000032   Code   RO         5503    i.eMBMasterFuncWriteHoldingRegister  mbfuncholding_m.o
    0x08002092   0x08002092   0x00000060   Code   RO         5350    i.eMBMasterFuncWriteMultipleCoils  mbfunccoils_m.o
    0x080020f2   0x080020f2   0x0000004c   Code   RO         5504    i.eMBMasterFuncWriteMultipleHoldingRegister  mbfuncholding_m.o
    0x0800213e   0x0800213e   0x00000002   PAD
    0x08002140   0x08002140   0x0000007c   Code   RO         4781    i.eMBMasterRegCoilsCB  user_mb_app_m.o
    0x080021bc   0x080021bc   0x0000007c   Code   RO         4782    i.eMBMasterRegDiscreteCB  user_mb_app_m.o
    0x08002238   0x08002238   0x00000068   Code   RO         4783    i.eMBMasterRegHoldingCB  user_mb_app_m.o
    0x080022a0   0x080022a0   0x00000068   Code   RO         4784    i.eMBMasterRegInputCB  user_mb_app_m.o
    0x08002308   0x08002308   0x00000022   Code   RO         5733    i.lwrb_get_free     lwrb.o
    0x0800232a   0x0800232a   0x00000018   Code   RO         5739    i.lwrb_init         lwrb.o
    0x08002342   0x08002342   0x00000016   Code   RO         5748    i.lwrb_write        lwrb.o
    0x08002358   0x08002358   0x0000008e   Code   RO         5749    i.lwrb_write_ex     lwrb.o
    0x080023e6   0x080023e6   0x00000002   PAD
    0x080023e8   0x080023e8   0x00000034   Code   RO           16    i.main              main.o
    0x0800241c   0x0800241c   0x0000001a   Code   RO         3964    i.osDelay           cmsis_os2.o
    0x08002436   0x08002436   0x00000002   PAD
    0x08002438   0x08002438   0x00000024   Code   RO         3978    i.osKernelInitialize  cmsis_os2.o
    0x0800245c   0x0800245c   0x00000038   Code   RO         3981    i.osKernelStart     cmsis_os2.o
    0x08002494   0x08002494   0x0000008a   Code   RO         4023    i.osThreadNew       cmsis_os2.o
    0x0800251e   0x0800251e   0x00000002   PAD
    0x08002520   0x08002520   0x00000054   Code   RO          270    i.process_received_data  usart.o
    0x08002574   0x08002574   0x0000005c   Code   RO         3423    i.prvAddCurrentTaskToDelayedList  tasks.o
    0x080025d0   0x080025d0   0x000000d0   Code   RO         3424    i.prvAddNewTaskToReadyList  tasks.o
    0x080026a0   0x080026a0   0x00000058   Code   RO         3788    i.prvCheckForValidListAndQueue  timers.o
    0x080026f8   0x080026f8   0x00000026   Code   RO         3020    i.prvCopyDataFromQueue  queue.o
    0x0800271e   0x0800271e   0x0000006c   Code   RO         3021    i.prvCopyDataToQueue  queue.o
    0x0800278a   0x0800278a   0x00000034   Code   RO         3425    i.prvDeleteTCB      tasks.o
    0x080027be   0x080027be   0x00000002   PAD
    0x080027c0   0x080027c0   0x0000004c   Code   RO         4475    i.prvHeapInit       heap_4.o
    0x0800280c   0x0800280c   0x00000060   Code   RO         3426    i.prvIdleTask       tasks.o
    0x0800286c   0x0800286c   0x00000022   Code   RO         3023    i.prvInitialiseNewQueue  queue.o
    0x0800288e   0x0800288e   0x00000002   PAD
    0x08002890   0x08002890   0x000000b0   Code   RO         3427    i.prvInitialiseNewTask  tasks.o
    0x08002940   0x08002940   0x0000004c   Code   RO         4476    i.prvInsertBlockIntoFreeList  heap_4.o
    0x0800298c   0x0800298c   0x00000038   Code   RO         3790    i.prvInsertTimerInActiveList  timers.o
    0x080029c4   0x080029c4   0x0000001c   Code   RO         3024    i.prvIsQueueEmpty   queue.o
    0x080029e0   0x080029e0   0x000000fc   Code   RO         3791    i.prvProcessReceivedCommands  timers.o
    0x08002adc   0x08002adc   0x000000c0   Code   RO         3792    i.prvProcessTimerOrBlockTask  timers.o
    0x08002b9c   0x08002b9c   0x00000020   Code   RO         3429    i.prvResetNextTaskUnblockTime  tasks.o
    0x08002bbc   0x08002bbc   0x00000028   Code   RO         3793    i.prvSampleTimeNow  timers.o
    0x08002be4   0x08002be4   0x0000006c   Code   RO         3794    i.prvSwitchTimerLists  timers.o
    0x08002c50   0x08002c50   0x00000028   Code   RO         4531    i.prvTaskExitError  port.o
    0x08002c78   0x08002c78   0x00000014   Code   RO         2858    i.prvTestWaitCondition  event_groups.o
    0x08002c8c   0x08002c8c   0x00000024   Code   RO         3795    i.prvTimerTask      timers.o
    0x08002cb0   0x08002cb0   0x0000006a   Code   RO         3025    i.prvUnlockQueue    queue.o
    0x08002d1a   0x08002d1a   0x00000018   Code   RO         5654    i.prveMBError2Exception  mbutils.o
    0x08002d32   0x08002d32   0x00000002   PAD
    0x08002d34   0x08002d34   0x000000dc   Code   RO         4477    i.pvPortMalloc      heap_4.o
    0x08002e10   0x08002e10   0x00000024   Code   RO         4532    i.pxPortInitialiseStack  port.o
    0x08002e34   0x08002e34   0x00000028   Code   RO         4914    i.serial_soft_trans_irq  portserial_m.o
    0x08002e5c   0x08002e5c   0x0000000c   Code   RO         5076    i.ucMBMasterGetDestAddress  mb_m.o
    0x08002e68   0x08002e68   0x00000026   Code   RO         2980    i.uxListRemove      list.o
    0x08002e8e   0x08002e8e   0x00000002   PAD
    0x08002e90   0x08002e90   0x00000018   Code   RO         3441    i.uxTaskResetEventItemValue  tasks.o
    0x08002ea8   0x08002ea8   0x00000014   Code   RO         4035    i.vApplicationGetIdleTaskMemory  cmsis_os2.o
    0x08002ebc   0x08002ebc   0x00000018   Code   RO         4036    i.vApplicationGetTimerTaskMemory  cmsis_os2.o
    0x08002ed4   0x08002ed4   0x00000016   Code   RO         2981    i.vListInitialise   list.o
    0x08002eea   0x08002eea   0x00000006   Code   RO         2982    i.vListInitialiseItem  list.o
    0x08002ef0   0x08002ef0   0x00000030   Code   RO         2983    i.vListInsert       list.o
    0x08002f20   0x08002f20   0x00000018   Code   RO         2984    i.vListInsertEnd    list.o
    0x08002f38   0x08002f38   0x0000000c   Code   RO         5210    i.vMBMasterGetPDUSndBuf  mbrtu_m.o
    0x08002f44   0x08002f44   0x00000040   Code   RO         4534    i.vPortEnterCritical  port.o
    0x08002f84   0x08002f84   0x00000028   Code   RO         4535    i.vPortExitCritical  port.o
    0x08002fac   0x08002fac   0x00000064   Code   RO         4478    i.vPortFree         heap_4.o
    0x08003010   0x08003010   0x00000024   Code   RO         4536    i.vPortSetupTimerInterrupt  port.o
    0x08003034   0x08003034   0x00000054   Code   RO         4537    i.vPortValidateInterruptPriority  port.o
    0x08003088   0x08003088   0x00000028   Code   RO         3031    i.vQueueAddToRegistry  queue.o
    0x080030b0   0x080030b0   0x00000044   Code   RO         3035    i.vQueueWaitForMessageRestricted  queue.o
    0x080030f4   0x080030f4   0x0000004c   Code   RO         3442    i.vTaskDelay        tasks.o
    0x08003140   0x08003140   0x00000010   Code   RO         3447    i.vTaskInternalSetTimeOutState  tasks.o
    0x08003150   0x08003150   0x0000000c   Code   RO         3448    i.vTaskMissedYield  tasks.o
    0x0800315c   0x0800315c   0x00000030   Code   RO         3450    i.vTaskPlaceOnEventList  tasks.o
    0x0800318c   0x0800318c   0x00000038   Code   RO         3451    i.vTaskPlaceOnEventListRestricted  tasks.o
    0x080031c4   0x080031c4   0x00000050   Code   RO         3452    i.vTaskPlaceOnUnorderedEventList  tasks.o
    0x08003214   0x08003214   0x00000088   Code   RO         3459    i.vTaskStartScheduler  tasks.o
    0x0800329c   0x0800329c   0x00000010   Code   RO         3461    i.vTaskSuspendAll   tasks.o
    0x080032ac   0x080032ac   0x00000064   Code   RO         3462    i.vTaskSwitchContext  tasks.o
    0x08003310   0x08003310   0x0000001c   Code   RO         2866    i.xEventGroupCreate  event_groups.o
    0x0800332c   0x0800332c   0x00000108   Code   RO         2872    i.xEventGroupWaitBits  event_groups.o
    0x08003434   0x08003434   0x000000ac   Code   RO         4918    i.xMBMasterPortSerialInit  portserial_m.o
    0x080034e0   0x080034e0   0x0000000c   Code   RO         5217    i.xMBMasterRequestIsBroadcast  mbrtu_m.o
    0x080034ec   0x080034ec   0x0000002a   Code   RO         5656    i.xMBUtilSetBits    mbutils.o
    0x08003516   0x08003516   0x00000002   PAD
    0x08003518   0x08003518   0x000000a8   Code   RO         4538    i.xPortStartScheduler  port.o
    0x080035c0   0x080035c0   0x0000002c   Code   RO         4539    i.xPortSysTickHandler  port.o
    0x080035ec   0x080035ec   0x00000066   Code   RO         3041    i.xQueueGenericCreateStatic  queue.o
    0x08003652   0x08003652   0x00000002   PAD
    0x08003654   0x08003654   0x00000088   Code   RO         3042    i.xQueueGenericReset  queue.o
    0x080036dc   0x080036dc   0x00000160   Code   RO         3043    i.xQueueGenericSend  queue.o
    0x0800383c   0x0800383c   0x000000be   Code   RO         3044    i.xQueueGenericSendFromISR  queue.o
    0x080038fa   0x080038fa   0x00000002   PAD
    0x080038fc   0x080038fc   0x00000138   Code   RO         3053    i.xQueueReceive     queue.o
    0x08003a34   0x08003a34   0x00000074   Code   RO         3464    i.xTaskCheckForTimeOut  tasks.o
    0x08003aa8   0x08003aa8   0x0000005a   Code   RO         3465    i.xTaskCreate       tasks.o
    0x08003b02   0x08003b02   0x00000056   Code   RO         3466    i.xTaskCreateStatic  tasks.o
    0x08003b58   0x08003b58   0x0000001c   Code   RO         3470    i.xTaskGetSchedulerState  tasks.o
    0x08003b74   0x08003b74   0x0000000c   Code   RO         3471    i.xTaskGetTickCount  tasks.o
    0x08003b80   0x08003b80   0x000000c8   Code   RO         3473    i.xTaskIncrementTick  tasks.o
    0x08003c48   0x08003c48   0x00000080   Code   RO         3476    i.xTaskPriorityDisinherit  tasks.o
    0x08003cc8   0x08003cc8   0x00000070   Code   RO         3478    i.xTaskRemoveFromEventList  tasks.o
    0x08003d38   0x08003d38   0x000000c4   Code   RO         3479    i.xTaskResumeAll    tasks.o
    0x08003dfc   0x08003dfc   0x00000060   Code   RO         3804    i.xTimerCreateTimerTask  timers.o
    0x08003e5c   0x08003e5c   0x00000068   Code   RO         3805    i.xTimerGenericCommand  timers.o
    0x08003ec4   0x08003ec4   0x00000024   Data   RO          221    .constdata          freertos.o
    0x08003ee8   0x08003ee8   0x00000012   Data   RO         1662    .constdata          stm32f1xx_hal_rcc.o
    0x08003efa   0x08003efa   0x00000010   Data   RO         2816    .constdata          system_stm32f1xx.o
    0x08003f0a   0x08003f0a   0x00000008   Data   RO         2817    .constdata          system_stm32f1xx.o
    0x08003f12   0x08003f12   0x00000002   PAD
    0x08003f14   0x08003f14   0x0000000c   Data   RO          222    .conststring        freertos.o
    0x08003f20   0x08003f20   0x00000020   Data   RO         6040    Region$$Table       anon$$obj.o


    Execution Region RW_IRAM1 (Exec base: 0x20000000, Load base: 0x08003f40, Size: 0x00003eb0, Max: 0x00010000, ABSOLUTE, COMPRESSED[0x00000048])

    Exec Addr    Load Addr    Size         Type   Attr      Idx    E Section Name        Object

    0x20000000   COMPRESSED   0x00000004   Data   RW          223    .data               freertos.o
    0x20000004   COMPRESSED   0x00000008   Data   RW          272    .data               usart.o
    0x2000000c   COMPRESSED   0x0000000c   Data   RW         1499    .data               stm32f1xx_hal.o
    0x20000018   COMPRESSED   0x00000004   Data   RW         2818    .data               system_stm32f1xx.o
    0x2000001c   COMPRESSED   0x0000003c   Data   RW         3482    .data               tasks.o
    0x20000058   COMPRESSED   0x00000014   Data   RW         3813    .data               timers.o
    0x2000006c   COMPRESSED   0x00000004   Data   RW         4038    .data               cmsis_os2.o
    0x20000070   COMPRESSED   0x00000020   Data   RW         4484    .data               heap_4.o
    0x20000090   COMPRESSED   0x0000000c   Data   RW         4540    .data               port.o
    0x2000009c   COMPRESSED   0x00000010   Data   RW         4615    .data               log.o
    0x200000ac   COMPRESSED   0x00000008   Data   RW         4786    .data               user_mb_app_m.o
    0x200000b4   COMPRESSED   0x00000008   Data   RW         4921    .data               portserial_m.o
    0x200000bc   COMPRESSED   0x000000b0   Data   RW         5081    .data               mb_m.o
    0x2000016c   COMPRESSED   0x00000010   Data   RW         5219    .data               mbrtu_m.o
    0x2000017c   COMPRESSED   0x00000002   Data   RW         5624    .data               mbfuncother.o
    0x2000017e   COMPRESSED   0x00000002   PAD
    0x20000180        -       0x00000090   Zero   RW          271    .bss                usart.o
    0x20000210        -       0x00000048   Zero   RW          429    .bss                stm32f1xx_hal_timebase_tim.o
    0x20000258        -       0x00000040   Zero   RW         3057    .bss                queue.o
    0x20000298        -       0x000004c4   Zero   RW         3481    .bss                tasks.o
    0x2000075c        -       0x00000118   Zero   RW         3812    .bss                timers.o
    0x20000874        -       0x000006b8   Zero   RW         4037    .bss                cmsis_os2.o
    0x20000f2c        -       0x00000c00   Zero   RW         4483    .bss                heap_4.o
    0x20001b2c        -       0x00000040   Zero   RW         4614    .bss                log.o
    0x20001b6c        -       0x000019a0   Zero   RW         4785    .bss                user_mb_app_m.o
    0x2000350c        -       0x00000124   Zero   RW         4920    .bss                portserial_m.o
    0x20003630        -       0x000001fd   Zero   RW         5218    .bss                mbrtu_m.o
    0x2000382d        -       0x00000020   Zero   RW         5623    .bss                mbfuncother.o
    0x2000384d   COMPRESSED   0x00000003   PAD
    0x20003850        -       0x00000060   Zero   RW         5912    .bss                c_w.l(libspace.o)
    0x200038b0        -       0x00000200   Zero   RW            2    HEAP                startup_stm32f103xe.o
    0x20003ab0        -       0x00000400   Zero   RW            1    STACK               startup_stm32f103xe.o


==============================================================================

Image component sizes


      Code (inc. data)   RO Data    RW Data    ZI Data      Debug   Object Name

       326         22          0          4       1720      58339   cmsis_os2.o
       312          4          0          0          0      23898   event_groups.o
       184         68         48          4          0       1797   freertos.o
       248         24          0          0          0       1467   gpio.o
       472         24          0         32       3072       4651   heap_4.o
       138          0          0          0          0       3282   list.o
       152         18          0         16         64       2377   log.o
       222          0          0          0          0       3433   lwrb.o
       170         12          0          0          0     498676   main.o
        12          6          0        176          0       4598   mb_m.o
       280          0          0          0          0       4092   mbfunccoils_m.o
        96          0          0          0          0       1650   mbfuncdisc_m.o
       322          0          0          0          0       5519   mbfuncholding_m.o
        80          0          0          0          0       1645   mbfuncinput_m.o
        36         10          0          2         32       1347   mbfuncother.o
        24         12          0         16        509       2346   mbrtu_m.o
        66          0          0          0          0       1789   mbutils.o
       662         70          0         12          0      10497   port.o
       276         54          0          8        292       3586   portserial_m.o
      1514         20          0          0         64      16756   queue.o
        64         26        304          0       1536        792   startup_stm32f103xe.o
       100         18          0         12          0       5718   stm32f1xx_hal.o
       158         14          0          0          0      28090   stm32f1xx_hal_cortex.o
       374          8          0          0          0       1775   stm32f1xx_hal_dma.o
       530         42          0          0          0       3441   stm32f1xx_hal_gpio.o
        72         10          0          0          0        834   stm32f1xx_hal_msp.o
      1304         94         18          0          0       5601   stm32f1xx_hal_rcc.o
       668         42          0          0          0       7008   stm32f1xx_hal_tim.o
         4          0          0          0          0       1521   stm32f1xx_hal_tim_ex.o
       152         20          0          0         72       1419   stm32f1xx_hal_timebase_tim.o
      1602         10          0          0          0      10925   stm32f1xx_hal_uart.o
        96         18          0          0          0       4187   stm32f1xx_it.o
         0          0          0          0          0        392   stream_buffer.o
         2          0         24          4          0       1059   system_stm32f1xx.o
      2188        176          0         60       1220      27149   tasks.o
       972         80          0         20        280      31699   timers.o
       496         56          0          8        144       3239   usart.o
         0          0          0          0          0       5934   user_mb_app.o
       456         40          0          8       6560       4651   user_mb_app_m.o

    ----------------------------------------------------------------------
     14874        998        428        384      15568     797179   Object Totals
         0          0         32          0          0          0   (incl. Generated)
        44          0          2          2          3          0   (incl. Padding)

    ----------------------------------------------------------------------

      Code (inc. data)   RO Data    RW Data    ZI Data      Debug   Library Member Name

        90          0          0          0          0          0   __dczerorl2.o
         8          0          0          0          0         68   __main.o
         0          0          0          0          0          0   __rtentry.o
        12          0          0          0          0          0   __rtentry2.o
         6          0          0          0          0          0   __rtentry4.o
        52          8          0          0          0          0   __scatter.o
        28          0          0          0          0          0   __scatter_zi.o
        16          0          0          0          0         68   aeabi_memset.o
        18          0          0          0          0         80   exit.o
         6          0          0          0          0        152   heapauxi.o
         0          0          0          0          0          0   indicate_semi.o
         2          0          0          0          0          0   libinit.o
         2          0          0          0          0          0   libinit2.o
         2          0          0          0          0          0   libshutdown.o
         2          0          0          0          0          0   libshutdown2.o
         8          4          0          0         96         68   libspace.o
        68          0          0          0          0         68   rt_memclr.o
        78          0          0          0          0         80   rt_memclr_w.o
       138          0          0          0          0         68   rt_memcpy_v6.o
       100          0          0          0          0         80   rt_memcpy_w.o
         2          0          0          0          0          0   rtexit.o
        10          0          0          0          0          0   rtexit2.o
        62          0          0          0          0         76   strlen.o
        86          0          0          0          0         76   strncpy.o
        12          4          0          0          0         68   sys_exit.o
        74          0          0          0          0         80   sys_stackheap_outer.o
         2          0          0          0          0         68   use_no_semi.o

    ----------------------------------------------------------------------
       890         16          0          0         96       1100   Library Totals
         6          0          0          0          0          0   (incl. Padding)

    ----------------------------------------------------------------------

      Code (inc. data)   RO Data    RW Data    ZI Data      Debug   Library Name

       884         16          0          0         96       1100   c_w.l

    ----------------------------------------------------------------------
       890         16          0          0         96       1100   Library Totals

    ----------------------------------------------------------------------

==============================================================================


      Code (inc. data)   RO Data    RW Data    ZI Data      Debug   

     15764       1014        428        384      15664     789175   Grand Totals
     15764       1014        428         72      15664     789175   ELF Image Totals (compressed)
     15764       1014        428         72          0          0   ROM Totals

==============================================================================

    Total RO  Size (Code + RO Data)                16192 (  15.81kB)
    Total RW  Size (RW Data + ZI Data)             16048 (  15.67kB)
    Total ROM Size (Code + RO Data + RW Data)      16264 (  15.88kB)

==============================================================================

